<html>
<body>
<pre>
<h1>µVision Build Log</h1>
<h2>Tool Versions:</h2>
IDE-Version: µVision V5.31.0.0
Copyright (C) 2020 ARM Ltd and ARM Germany GmbH. All rights reserved.
License Information: hha hihi, huhu, LIC=CZLZX-H39R5-GK4BG-VN7IK-RL72A-NNCDN
 
Tool Versions:
Toolchain:       MDK-ARM Plus  Version: 5.31.0.0
Toolchain Path:  C:\Keil_v5\ARM\ARMCC\Bin
C Compiler:      Armcc.exe V5.06 update 6 (build 750)
Assembler:       Armasm.exe V5.06 update 6 (build 750)
Linker/Locator:  ArmLink.exe V5.06 update 6 (build 750)
Library Manager: ArmAr.exe V5.06 update 6 (build 750)
Hex Converter:   FromElf.exe V5.06 update 6 (build 750)
CPU DLL:         SARMCM3.DLL V5.31.0.0
Dialog DLL:      DCM.DLL V1.17.3.0
Target DLL:      STLink\ST-LINKIII-KEIL_SWO.dll V3.0.7.0
Dialog DLL:      TCM.DLL V1.46.0.0
 
<h2>Project:</h2>
D:\OneDrive - hcmut.edu.vn\HK221\Mechatronics System Design Project\Main_9\Main_2\MDK-ARM\Encoder.uvprojx
Project File Date:  12/11/2022

<h2>Output:</h2>
*** Using Compiler 'V5.06 update 6 (build 750)', folder: 'C:\Keil_v5\ARM\ARMCC\Bin'
Build target 'Encoder'
compiling main.c...
../Src/main.c(139): warning:  #223-D: function "sprintf" declared implicitly
  	sprintf(TxBuff, "%s", "DATA, TIME, TIMER, DATE,");
../Src/main.c(140): warning:  #223-D: function "strlen" declared implicitly
  	HAL_UART_Transmit(&huart1, (uint8_t *)TxBuff, strlen(TxBuff),1000);
../Src/main.c(184): warning:  #188-D: enumerated type mixed with another type
  	HAL_GPIO_WritePin(GPIOB, GPIO_PIN_1, 1);
../Src/main.c(186): warning:  #188-D: enumerated type mixed with another type
  	HAL_GPIO_WritePin(GPIOB, GPIO_PIN_1, 0);
../Src/main.c(221): warning:  #188-D: enumerated type mixed with another type
  					HAL_GPIO_WritePin(GPIOB, GPIO_PIN_12, 0);
../Src/main.c(222): warning:  #188-D: enumerated type mixed with another type
  					HAL_GPIO_WritePin(GPIOB, GPIO_PIN_13, 1);					
../Src/main.c(228): warning:  #188-D: enumerated type mixed with another type
  					HAL_GPIO_WritePin(GPIOB, GPIO_PIN_12, 1);
../Src/main.c(229): warning:  #188-D: enumerated type mixed with another type
  					HAL_GPIO_WritePin(GPIOB, GPIO_PIN_13, 0);	
../Src/main.c(252): warning:  #188-D: enumerated type mixed with another type
  					HAL_GPIO_WritePin(GPIOB, GPIO_PIN_14, 1);
../Src/main.c(253): warning:  #188-D: enumerated type mixed with another type
  					HAL_GPIO_WritePin(GPIOB, GPIO_PIN_15, 0);					
../Src/main.c(259): warning:  #188-D: enumerated type mixed with another type
  					HAL_GPIO_WritePin(GPIOB, GPIO_PIN_14, 0);
../Src/main.c(260): warning:  #188-D: enumerated type mixed with another type
  					HAL_GPIO_WritePin(GPIOB, GPIO_PIN_15, 1);	
../Src/main.c(288): warning:  #188-D: enumerated type mixed with another type
  					HAL_GPIO_WritePin(GPIOB, GPIO_PIN_12, 0);
../Src/main.c(289): warning:  #188-D: enumerated type mixed with another type
  					HAL_GPIO_WritePin(GPIOB, GPIO_PIN_13, 1);					
../Src/main.c(295): warning:  #188-D: enumerated type mixed with another type
  					HAL_GPIO_WritePin(GPIOB, GPIO_PIN_12, 1);
../Src/main.c(296): warning:  #188-D: enumerated type mixed with another type
  					HAL_GPIO_WritePin(GPIOB, GPIO_PIN_13, 0);	
../Src/main.c(320): warning:  #188-D: enumerated type mixed with another type
  					HAL_GPIO_WritePin(GPIOB, GPIO_PIN_14, 1);
../Src/main.c(321): warning:  #188-D: enumerated type mixed with another type
  					HAL_GPIO_WritePin(GPIOB, GPIO_PIN_15, 0);					
../Src/main.c(327): warning:  #188-D: enumerated type mixed with another type
  					HAL_GPIO_WritePin(GPIOB, GPIO_PIN_14, 0);
../Src/main.c(328): warning:  #188-D: enumerated type mixed with another type
  					HAL_GPIO_WritePin(GPIOB, GPIO_PIN_15, 1);	
../Src/main.c(360): warning:  #188-D: enumerated type mixed with another type
  					HAL_GPIO_WritePin(GPIOB, GPIO_PIN_12, 0);
../Src/main.c(361): warning:  #188-D: enumerated type mixed with another type
  					HAL_GPIO_WritePin(GPIOB, GPIO_PIN_13, 1);					
../Src/main.c(367): warning:  #188-D: enumerated type mixed with another type
  					HAL_GPIO_WritePin(GPIOB, GPIO_PIN_12, 1);
../Src/main.c(368): warning:  #188-D: enumerated type mixed with another type
  					HAL_GPIO_WritePin(GPIOB, GPIO_PIN_13, 0);	
../Src/main.c(392): warning:  #188-D: enumerated type mixed with another type
  					HAL_GPIO_WritePin(GPIOB, GPIO_PIN_14, 1);
../Src/main.c(393): warning:  #188-D: enumerated type mixed with another type
  					HAL_GPIO_WritePin(GPIOB, GPIO_PIN_15, 0);					
../Src/main.c(399): warning:  #188-D: enumerated type mixed with another type
  					HAL_GPIO_WritePin(GPIOB, GPIO_PIN_14, 0);
../Src/main.c(400): warning:  #188-D: enumerated type mixed with another type
  					HAL_GPIO_WritePin(GPIOB, GPIO_PIN_15, 1);	
../Src/main.c(531): warning:  #188-D: enumerated type mixed with another type
  	HAL_GPIO_WritePin(GPIOB, GPIO_PIN_12, 0);
../Src/main.c(532): warning:  #188-D: enumerated type mixed with another type
  	HAL_GPIO_WritePin(GPIOB, GPIO_PIN_13, 0);	
../Src/main.c(533): warning:  #188-D: enumerated type mixed with another type
  	HAL_GPIO_WritePin(GPIOB, GPIO_PIN_14, 0);
../Src/main.c(534): warning:  #188-D: enumerated type mixed with another type
  	HAL_GPIO_WritePin(GPIOB, GPIO_PIN_15, 0);	
../Src/main.c(540): warning:  #223-D: function "sprintf" declared implicitly
  	sprintf(TxBuff, "%s", "CLEARDATA\n");
../Src/main.c(541): warning:  #223-D: function "strlen" declared implicitly
  	HAL_UART_Transmit(&huart1, (uint8_t *)TxBuff, strlen(TxBuff),1000);
../Src/main.c(536): warning:  #177-D: variable "x"  was declared but never referenced
  	int x=0,y=0;
../Src/main.c(536): warning:  #177-D: variable "y"  was declared but never referenced
  	int x=0,y=0;
../Src/main.c: 36 warnings, 0 errors
linking...
Program Size: Code=27290 RO-data=918 RW-data=512 ZI-data=2160  
FromELF: creating hex file...
"Encoder\Encoder.axf" - 0 Error(s), 36 Warning(s).

<h2>Software Packages used:</h2>

Package Vendor: ARM
                http://www.keil.com/pack/ARM.CMSIS.5.7.0.pack
                ARM.CMSIS.5.7.0
                CMSIS (Cortex Microcontroller Software Interface Standard)
   * Component: CORE Version: 5.4.0

Package Vendor: Keil
                http://www.keil.com/pack/Keil.STM32F1xx_DFP.2.4.0.pack
                Keil.STM32F1xx_DFP.2.4.0
                STMicroelectronics STM32F1 Series Device Support, Drivers and Examples

<h2>Collection of Component include folders:</h2>
  .\RTE\_Encoder
  C:\Users\Nghia\AppData\Local\Arm\Packs\ARM\CMSIS\5.7.0\CMSIS\Core\Include
  C:\Users\Nghia\AppData\Local\Arm\Packs\Keil\STM32F1xx_DFP\2.4.0\Device\Include

<h2>Collection of Component Files used:</h2>

   * Component: ARM::CMSIS:CORE:5.4.0
Build Time Elapsed:  00:00:01
</pre>
</body>
</html>
