Component: ARM Compiler 5.06 update 6 (build 750) Tool: armlink [4d35ed]

==============================================================================

Section Cross References

    startup_stm32f103xb.o(STACK) refers (Special) to heapauxi.o(.text) for __use_two_region_memory
    startup_stm32f103xb.o(HEAP) refers (Special) to heapauxi.o(.text) for __use_two_region_memory
    startup_stm32f103xb.o(RESET) refers (Special) to heapauxi.o(.text) for __use_two_region_memory
    startup_stm32f103xb.o(RESET) refers to startup_stm32f103xb.o(STACK) for __initial_sp
    startup_stm32f103xb.o(RESET) refers to startup_stm32f103xb.o(.text) for Reset_Handler
    startup_stm32f103xb.o(RESET) refers to stm32f1xx_it.o(i.NMI_Handler) for NMI_Handler
    startup_stm32f103xb.o(RESET) refers to stm32f1xx_it.o(i.HardFault_Handler) for HardFault_Handler
    startup_stm32f103xb.o(RESET) refers to stm32f1xx_it.o(i.MemManage_Handler) for MemManage_Handler
    startup_stm32f103xb.o(RESET) refers to stm32f1xx_it.o(i.BusFault_Handler) for BusFault_Handler
    startup_stm32f103xb.o(RESET) refers to stm32f1xx_it.o(i.UsageFault_Handler) for UsageFault_Handler
    startup_stm32f103xb.o(RESET) refers to stm32f1xx_it.o(i.SVC_Handler) for SVC_Handler
    startup_stm32f103xb.o(RESET) refers to stm32f1xx_it.o(i.DebugMon_Handler) for DebugMon_Handler
    startup_stm32f103xb.o(RESET) refers to stm32f1xx_it.o(i.PendSV_Handler) for PendSV_Handler
    startup_stm32f103xb.o(RESET) refers to stm32f1xx_it.o(i.SysTick_Handler) for SysTick_Handler
    startup_stm32f103xb.o(RESET) refers to stm32f1xx_it.o(i.DMA1_Channel1_IRQHandler) for DMA1_Channel1_IRQHandler
    startup_stm32f103xb.o(RESET) refers to stm32f1xx_it.o(i.EXTI9_5_IRQHandler) for EXTI9_5_IRQHandler
    startup_stm32f103xb.o(RESET) refers to stm32f1xx_it.o(i.USART1_IRQHandler) for USART1_IRQHandler
    startup_stm32f103xb.o(.text) refers (Special) to heapauxi.o(.text) for __use_two_region_memory
    startup_stm32f103xb.o(.text) refers to system_stm32f1xx.o(i.SystemInit) for SystemInit
    startup_stm32f103xb.o(.text) refers to __main.o(!!!main) for __main
    startup_stm32f103xb.o(.text) refers to startup_stm32f103xb.o(HEAP) for Heap_Mem
    startup_stm32f103xb.o(.text) refers to startup_stm32f103xb.o(STACK) for Stack_Mem
    main.o(i.HAL_GPIO_EXTI_Callback) refers to stm32f1xx_hal_gpio.o(i.HAL_GPIO_ReadPin) for HAL_GPIO_ReadPin
    main.o(i.HAL_GPIO_EXTI_Callback) refers to main.o(.bss) for .bss
    main.o(i.HAL_GPIO_EXTI_Callback) refers to main.o(.data) for .data
    main.o(i.HAL_UART_RxCpltCallback) refers to stm32f1xx_hal_uart.o(i.HAL_UART_Receive_IT) for HAL_UART_Receive_IT
    main.o(i.HAL_UART_RxCpltCallback) refers to main.o(.data) for .data
    main.o(i.HAL_UART_RxCpltCallback) refers to main.o(.bss) for .bss
    main.o(i.MX_ADC1_Init) refers to stm32f1xx_hal_adc.o(i.HAL_ADC_Init) for HAL_ADC_Init
    main.o(i.MX_ADC1_Init) refers to stm32f1xx_hal_adc.o(i.HAL_ADC_ConfigChannel) for HAL_ADC_ConfigChannel
    main.o(i.MX_ADC1_Init) refers to main.o(.bss) for .bss
    main.o(i.MX_GPIO_Init) refers to stm32f1xx_hal_gpio.o(i.HAL_GPIO_WritePin) for HAL_GPIO_WritePin
    main.o(i.MX_GPIO_Init) refers to stm32f1xx_hal_gpio.o(i.HAL_GPIO_Init) for HAL_GPIO_Init
    main.o(i.MX_GPIO_Init) refers to stm32f1xx_hal_cortex.o(i.HAL_NVIC_SetPriority) for HAL_NVIC_SetPriority
    main.o(i.MX_GPIO_Init) refers to stm32f1xx_hal_cortex.o(i.HAL_NVIC_EnableIRQ) for HAL_NVIC_EnableIRQ
    main.o(i.MX_TIM1_Init) refers to rt_memclr_w.o(.text) for __aeabi_memclr4
    main.o(i.MX_TIM1_Init) refers to stm32f1xx_hal_tim.o(i.HAL_TIM_Base_Init) for HAL_TIM_Base_Init
    main.o(i.MX_TIM1_Init) refers to stm32f1xx_hal_tim.o(i.HAL_TIM_ConfigClockSource) for HAL_TIM_ConfigClockSource
    main.o(i.MX_TIM1_Init) refers to stm32f1xx_hal_tim.o(i.HAL_TIM_PWM_Init) for HAL_TIM_PWM_Init
    main.o(i.MX_TIM1_Init) refers to stm32f1xx_hal_tim_ex.o(i.HAL_TIMEx_MasterConfigSynchronization) for HAL_TIMEx_MasterConfigSynchronization
    main.o(i.MX_TIM1_Init) refers to stm32f1xx_hal_tim.o(i.HAL_TIM_PWM_ConfigChannel) for HAL_TIM_PWM_ConfigChannel
    main.o(i.MX_TIM1_Init) refers to stm32f1xx_hal_tim_ex.o(i.HAL_TIMEx_ConfigBreakDeadTime) for HAL_TIMEx_ConfigBreakDeadTime
    main.o(i.MX_TIM1_Init) refers to stm32f1xx_hal_msp.o(i.HAL_TIM_MspPostInit) for HAL_TIM_MspPostInit
    main.o(i.MX_TIM1_Init) refers to main.o(.bss) for .bss
    main.o(i.MX_TIM2_Init) refers to rt_memclr_w.o(.text) for __aeabi_memclr4
    main.o(i.MX_TIM2_Init) refers to stm32f1xx_hal_tim.o(i.HAL_TIM_Encoder_Init) for HAL_TIM_Encoder_Init
    main.o(i.MX_TIM2_Init) refers to stm32f1xx_hal_tim_ex.o(i.HAL_TIMEx_MasterConfigSynchronization) for HAL_TIMEx_MasterConfigSynchronization
    main.o(i.MX_TIM2_Init) refers to main.o(.bss) for .bss
    main.o(i.MX_TIM3_Init) refers to rt_memclr_w.o(.text) for __aeabi_memclr4
    main.o(i.MX_TIM3_Init) refers to stm32f1xx_hal_tim.o(i.HAL_TIM_Encoder_Init) for HAL_TIM_Encoder_Init
[...]
    x$fpl$dadd                               0x080058b8   Section      336  daddsub_clz.o(x$fpl$dadd)
    _dadd1                                   0x080058c9   Thumb Code     0  daddsub_clz.o(x$fpl$dadd)
    x$fpl$dcheck1                            0x08005a08   Section       16  dcheck1.o(x$fpl$dcheck1)
    x$fpl$dcmpinf                            0x08005a18   Section       24  dcmpi.o(x$fpl$dcmpinf)
    x$fpl$ddiv                               0x08005a30   Section      688  ddiv.o(x$fpl$ddiv)
    ddiv_entry                               0x08005a37   Thumb Code     0  ddiv.o(x$fpl$ddiv)
    x$fpl$dfix                               0x08005ce0   Section       94  dfix.o(x$fpl$dfix)
    x$fpl$dfixu                              0x08005d40   Section       90  dfixu.o(x$fpl$dfixu)
    x$fpl$dflt                               0x08005d9a   Section       46  dflt_clz.o(x$fpl$dflt)
    x$fpl$dfltu                              0x08005dc8   Section       38  dflt_clz.o(x$fpl$dfltu)
    x$fpl$dleqf                              0x08005df0   Section      120  dleqf.o(x$fpl$dleqf)
    x$fpl$dmul                               0x08005e68   Section      340  dmul.o(x$fpl$dmul)
    x$fpl$dnaninf                            0x08005fbc   Section      156  dnaninf.o(x$fpl$dnaninf)
    x$fpl$dretinf                            0x08006058   Section       12  dretinf.o(x$fpl$dretinf)
    x$fpl$drleqf                             0x08006064   Section      108  drleqf.o(x$fpl$drleqf)
    x$fpl$drsb                               0x080060d0   Section       22  daddsub_clz.o(x$fpl$drsb)
    x$fpl$dsqrt                              0x080060e8   Section      460  dsqrt_noumaal.o(x$fpl$dsqrt)
    x$fpl$dsub                               0x080062b4   Section      468  daddsub_clz.o(x$fpl$dsub)
    _dsub1                                   0x080062c5   Thumb Code     0  daddsub_clz.o(x$fpl$dsub)
    x$fpl$f2d                                0x08006488   Section       86  f2d.o(x$fpl$f2d)
    x$fpl$fadd                               0x080064e0   Section      196  faddsub_clz.o(x$fpl$fadd)
    _fadd1                                   0x080064ef   Thumb Code     0  faddsub_clz.o(x$fpl$fadd)
    x$fpl$fcheck1                            0x080065a4   Section       12  fcheck1.o(x$fpl$fcheck1)
    x$fpl$fdiv                               0x080065b0   Section      388  fdiv.o(x$fpl$fdiv)
    _fdiv1                                   0x080065b1   Thumb Code     0  fdiv.o(x$fpl$fdiv)
    x$fpl$ffix                               0x08006734   Section       54  ffix.o(x$fpl$ffix)
    x$fpl$fflt                               0x0800676c   Section       48  fflt_clz.o(x$fpl$fflt)
    x$fpl$ffltu                              0x0800679c   Section       38  fflt_clz.o(x$fpl$ffltu)
    x$fpl$fmul                               0x080067c4   Section      258  fmul.o(x$fpl$fmul)
    x$fpl$fnaninf                            0x080068c6   Section      140  fnaninf.o(x$fpl$fnaninf)
    x$fpl$fretinf                            0x08006952   Section       10  fretinf.o(x$fpl$fretinf)
    x$fpl$fsub                               0x0800695c   Section      234  faddsub_clz.o(x$fpl$fsub)
    _fsub1                                   0x0800696b   Thumb Code     0  faddsub_clz.o(x$fpl$fsub)
    x$fpl$printf1                            0x08006a46   Section        4  printf1.o(x$fpl$printf1)
    x$fpl$retnan                             0x08006a4a   Section      100  retnan.o(x$fpl$retnan)
    x$fpl$scalbn                             0x08006aae   Section       92  scalbn.o(x$fpl$scalbn)
    x$fpl$scalbnf                            0x08006b0a   Section       76  scalbnf.o(x$fpl$scalbnf)
    x$fpl$trapveneer                         0x08006b56   Section       48  trapv.o(x$fpl$trapveneer)
    .constdata                               0x08006b86   Section       16  system_stm32f1xx.o(.constdata)
    x$fpl$usenofp                            0x08006b86   Section        0  usenofp.o(x$fpl$usenofp)
    .constdata                               0x08006b96   Section        8  system_stm32f1xx.o(.constdata)
    .constdata                               0x08006ba0   Section      152  atan.o(.constdata)
    atanhi                                   0x08006ba0   Data          32  atan.o(.constdata)
    atanlo                                   0x08006bc0   Data          32  atan.o(.constdata)
    aTodd                                    0x08006be0   Data          40  atan.o(.constdata)
    aTeven                                   0x08006c08   Data          48  atan.o(.constdata)
    .constdata                               0x08006c38   Section       48  cos_i.o(.constdata)
    C                                        0x08006c38   Data          48  cos_i.o(.constdata)
    .constdata                               0x08006c68   Section        8  qnan.o(.constdata)
    .constdata                               0x08006c70   Section      200  rred.o(.constdata)
    pio2s                                    0x08006c70   Data          48  rred.o(.constdata)
    twooverpi                                0x08006ca0   Data         152  rred.o(.constdata)
    .constdata                               0x08006d38   Section       40  sin_i.o(.constdata)
    S                                        0x08006d38   Data          40  sin_i.o(.constdata)
    .constdata                               0x08006d60   Section      148  bigflt0.o(.constdata)
    tenpwrs_x                                0x08006d60   Data          60  bigflt0.o(.constdata)
    tenpwrs_i                                0x08006d9c   Data          64  bigflt0.o(.constdata)
    locale$$data                             0x08006e14   Section       28  lc_numeric_c.o(locale$$data)
    __lcnum_c_name                           0x08006e18   Data           2  lc_numeric_c.o(locale$$data)
    __lcnum_c_start                          0x08006e20   Data           0  lc_numeric_c.o(locale$$data)
    __lcnum_c_point                          0x08006e2c   Data           0  lc_numeric_c.o(locale$$data)
    __lcnum_c_thousands                      0x08006e2e   Data           0  lc_numeric_c.o(locale$$data)
    __lcnum_c_grouping                       0x08006e2f   Data           0  lc_numeric_c.o(locale$$data)
    __lcnum_c_end                            0x08006e30   Data           0  lc_numeric_c.o(locale$$data)
    .data                                    0x20000000   Section      496  main.o(.data)
    .data                                    0x200001f0   Section       12  stm32f1xx_hal.o(.data)
    .data                                    0x200001fc   Section        4  system_stm32f1xx.o(.data)
    .bss                                     0x20000200   Section      458  main.o(.bss)
    .bss                                     0x200003cc   Section       68  main.o(.bss)
    .bss                                     0x20000410   Section       96  libspace.o(.bss)
    HEAP                                     0x20000470   Section      512  startup_stm32f103xb.o(HEAP)
    Heap_Mem                                 0x20000470   Data         512  startup_stm32f103xb.o(HEAP)
    STACK                                    0x20000670   Section     1024  startup_stm32f103xb.o(STACK)
    Stack_Mem                                0x20000670   Data        1024  startup_stm32f103xb.o(STACK)
    __initial_sp                             0x20000a70   Data           0  startup_stm32f103xb.o(STACK)

    Global Symbols

    Symbol Name                              Value     Ov Type        Size  Object(Section)

    BuildAttributes$$THM_ISAv4$P$D$K$B$S$PE$A:L22UL41UL21$X:L11$S22US41US21$IEEE1$IW$USESV6$~STKCKD$USESV7$~SHL$OTIME$ROPI$IEEEX$EBA8$UX$STANDARDLIB$REQ8$PRES8$EABIv2 0x00000000   Number         0  anon$$obj.o ABSOLUTE
    __ARM_use_no_argv                        0x00000000   Number         0  main.o ABSOLUTE
    __ARM_exceptions_init                     - Undefined Weak Reference
    __alloca_initialize                       - Undefined Weak Reference
    __arm_preinit_                            - Undefined Weak Reference
    __cpp_initialize__aeabi_                  - Undefined Weak Reference
    __cxa_finalize                            - Undefined Weak Reference
    __sigvec_lookup                           - Undefined Weak Reference
    _atexit_init                              - Undefined Weak Reference
    _call_atexit_fns                          - Undefined Weak Reference
    _clock_init                               - Undefined Weak Reference
    _fp_trap_init                             - Undefined Weak Reference
    _fp_trap_shutdown                         - Undefined Weak Reference
    _get_lc_collate                           - Undefined Weak Reference
    _get_lc_ctype                             - Undefined Weak Reference
    _get_lc_monetary                          - Undefined Weak Reference
    _get_lc_time                              - Undefined Weak Reference
    _getenv_init                              - Undefined Weak Reference
    _handle_redirection                       - Undefined Weak Reference
    _init_alloc                               - Undefined Weak Reference
    _init_user_alloc                          - Undefined Weak Reference
    _initio                                   - Undefined Weak Reference
    _printf_mbtowc                            - Undefined Weak Reference
    _printf_post_padding                      - Undefined Weak Reference
    _printf_pre_padding                       - Undefined Weak Reference
    _rand_init                                - Undefined Weak Reference
    _signal_finish                            - Undefined Weak Reference
    _signal_init                              - Undefined Weak Reference
    _terminate_alloc                          - Undefined Weak Reference
    _terminate_user_alloc                     - Undefined Weak Reference
    _terminateio                              - Undefined Weak Reference
    __Vectors_Size                           0x000000ec   Number         0  startup_stm32f103xb.o ABSOLUTE
    __Vectors                                0x08000000   Data           4  startup_stm32f103xb.o(RESET)
    __Vectors_End                            0x080000ec   Data           0  startup_stm32f103xb.o(RESET)
    __main                                   0x080000ed   Thumb Code     8  __main.o(!!!main)
    __scatterload                            0x080000f5   Thumb Code     0  __scatter.o(!!!scatter)
    __scatterload_rt2                        0x080000f5   Thumb Code    44  __scatter.o(!!!scatter)
    __scatterload_rt2_thumb_only             0x080000f5   Thumb Code     0  __scatter.o(!!!scatter)
    __scatterload_null                       0x08000103   Thumb Code     0  __scatter.o(!!!scatter)
    __decompress                             0x08000129   Thumb Code    90  __dczerorl2.o(!!dczerorl2)
    __decompress1                            0x08000129   Thumb Code     0  __dczerorl2.o(!!dczerorl2)
    __scatterload_zeroinit                   0x08000185   Thumb Code    28  __scatter_zi.o(!!handler_zi)
    _printf_f                                0x080001a1   Thumb Code     0  _printf_f.o(.ARM.Collect$$_printf_percent$$00000003)
    _printf_percent                          0x080001a1   Thumb Code     0  _printf_percent.o(.ARM.Collect$$_printf_percent$$00000000)
    _printf_s                                0x080001a7   Thumb Code     0  _printf_s.o(.ARM.Collect$$_printf_percent$$00000014)
    _printf_percent_end                      0x080001ad   Thumb Code     0  _printf_percent_end.o(.ARM.Collect$$_printf_percent$$00000017)
    __rt_lib_init                            0x080001b1   Thumb Code     0  libinit.o(.ARM.Collect$$libinit$$00000000)
    __rt_lib_init_fp_1                       0x080001b3   Thumb Code     0  libinit2.o(.ARM.Collect$$libinit$$00000002)
    __rt_lib_init_heap_1                     0x080001b3   Thumb Code     0  libinit2.o(.ARM.Collect$$libinit$$0000000A)
    __rt_lib_init_lc_common                  0x080001b3   Thumb Code     0  libinit2.o(.ARM.Collect$$libinit$$0000000F)
    __rt_lib_init_preinit_1                  0x080001b3   Thumb Code     0  libinit2.o(.ARM.Collect$$libinit$$00000004)
    __rt_lib_init_rand_1                     0x080001b3   Thumb Code     0  libinit2.o(.ARM.Collect$$libinit$$0000000E)
    __rt_lib_init_user_alloc_1               0x080001b3   Thumb Code     0  libinit2.o(.ARM.Collect$$libinit$$0000000C)
    __rt_lib_init_lc_collate_1               0x080001b9   Thumb Code     0  libinit2.o(.ARM.Collect$$libinit$$00000011)
    __rt_lib_init_lc_ctype_1                 0x080001b9   Thumb Code     0  libinit2.o(.ARM.Collect$$libinit$$00000013)
    __rt_lib_init_lc_monetary_1              0x080001b9   Thumb Code     0  libinit2.o(.ARM.Collect$$libinit$$00000015)
    __rt_lib_init_lc_numeric_2               0x080001b9   Thumb Code     0  libinit2.o(.ARM.Collect$$libinit$$00000016)
    __rt_lib_init_alloca_1                   0x080001c3   Thumb Code     0  libinit2.o(.ARM.Collect$$libinit$$0000002E)
    __rt_lib_init_argv_1                     0x080001c3   Thumb Code     0  libinit2.o(.ARM.Collect$$libinit$$0000002C)
    __rt_lib_init_atexit_1                   0x080001c3   Thumb Code     0  libinit2.o(.ARM.Collect$$libinit$$0000001B)
    __rt_lib_init_clock_1                    0x080001c3   Thumb Code     0  libinit2.o(.ARM.Collect$$libinit$$00000021)
    __rt_lib_init_cpp_1                      0x080001c3   Thumb Code     0  libinit2.o(.ARM.Collect$$libinit$$00000032)
    __rt_lib_init_exceptions_1               0x080001c3   Thumb Code     0  libinit2.o(.ARM.Collect$$libinit$$00000030)
    __rt_lib_init_fp_trap_1                  0x080001c3   Thumb Code     0  libinit2.o(.ARM.Collect$$libinit$$0000001F)
    __rt_lib_init_getenv_1                   0x080001c3   Thumb Code     0  libinit2.o(.ARM.Collect$$libinit$$00000023)
    __rt_lib_init_lc_numeric_1               0x080001c3   Thumb Code     0  libinit2.o(.ARM.Collect$$libinit$$00000017)
    __rt_lib_init_lc_time_1                  0x080001c3   Thumb Code     0  libinit2.o(.ARM.Collect$$libinit$$00000019)
    __rt_lib_init_return                     0x080001c3   Thumb Code     0  libinit2.o(.ARM.Collect$$libinit$$00000033)
    __rt_lib_init_signal_1                   0x080001c3   Thumb Code     0  libinit2.o(.ARM.Collect$$libinit$$0000001D)
    __rt_lib_init_stdio_1                    0x080001c3   Thumb Code     0  libinit2.o(.ARM.Collect$$libinit$$00000025)
    __rt_lib_shutdown                        0x080001c5   Thumb Code     0  libshutdown.o(.ARM.Collect$$libshutdown$$00000000)
    __rt_lib_shutdown_cpp_1                  0x080001c7   Thumb Code     0  libshutdown2.o(.ARM.Collect$$libshutdown$$00000002)
    __rt_lib_shutdown_fp_trap_1              0x080001c7   Thumb Code     0  libshutdown2.o(.ARM.Collect$$libshutdown$$00000007)
    __rt_lib_shutdown_heap_1                 0x080001c7   Thumb Code     0  libshutdown2.o(.ARM.Collect$$libshutdown$$0000000F)
    __rt_lib_shutdown_return                 0x080001c7   Thumb Code     0  libshutdown2.o(.ARM.Collect$$libshutdown$$00000010)
    __rt_lib_shutdown_signal_1               0x080001c7   Thumb Code     0  libshutdown2.o(.ARM.Collect$$libshutdown$$0000000A)
    __rt_lib_shutdown_stdio_1                0x080001c7   Thumb Code     0  libshutdown2.o(.ARM.Collect$$libshutdown$$00000004)
    __rt_lib_shutdown_user_alloc_1           0x080001c7   Thumb Code     0  libshutdown2.o(.ARM.Collect$$libshutdown$$0000000C)
    __rt_entry                               0x080001c9   Thumb Code     0  __rtentry.o(.ARM.Collect$$rtentry$$00000000)
    __rt_entry_presh_1                       0x080001c9   Thumb Code     0  __rtentry2.o(.ARM.Collect$$rtentry$$00000002)
    __rt_entry_sh                            0x080001c9   Thumb Code     0  __rtentry4.o(.ARM.Collect$$rtentry$$00000004)
    __rt_entry_li                            0x080001cf   Thumb Code     0  __rtentry2.o(.ARM.Collect$$rtentry$$0000000A)
    __rt_entry_postsh_1                      0x080001cf   Thumb Code     0  __rtentry2.o(.ARM.Collect$$rtentry$$00000009)
    __rt_entry_main                          0x080001d3   Thumb Code     0  __rtentry2.o(.ARM.Collect$$rtentry$$0000000D)
    __rt_entry_postli_1                      0x080001d3   Thumb Code     0  __rtentry2.o(.ARM.Collect$$rtentry$$0000000C)
    __rt_exit                                0x080001db   Thumb Code     0  rtexit.o(.ARM.Collect$$rtexit$$00000000)
    __rt_exit_ls                             0x080001dd   Thumb Code     0  rtexit2.o(.ARM.Collect$$rtexit$$00000003)
    __rt_exit_prels_1                        0x080001dd   Thumb Code     0  rtexit2.o(.ARM.Collect$$rtexit$$00000002)
    __rt_exit_exit                           0x080001e1   Thumb Code     0  rtexit2.o(.ARM.Collect$$rtexit$$00000004)
    Reset_Handler                            0x080001e9   Thumb Code     8  startup_stm32f103xb.o(.text)
    ADC1_2_IRQHandler                        0x08000203   Thumb Code     0  startup_stm32f103xb.o(.text)
    CAN1_RX1_IRQHandler                      0x08000203   Thumb Code     0  startup_stm32f103xb.o(.text)
    CAN1_SCE_IRQHandler                      0x08000203   Thumb Code     0  startup_stm32f103xb.o(.text)
    DMA1_Channel2_IRQHandler                 0x08000203   Thumb Code     0  startup_stm32f103xb.o(.text)
    DMA1_Channel3_IRQHandler                 0x08000203   Thumb Code     0  startup_stm32f103xb.o(.text)
    DMA1_Channel4_IRQHandler                 0x08000203   Thumb Code     0  startup_stm32f103xb.o(.text)
    DMA1_Channel5_IRQHandler                 0x08000203   Thumb Code     0  startup_stm32f103xb.o(.text)
    DMA1_Channel6_IRQHandler                 0x08000203   Thumb Code     0  startup_stm32f103xb.o(.text)
    DMA1_Channel7_IRQHandler                 0x08000203   Thumb Code     0  startup_stm32f103xb.o(.text)
    EXTI0_IRQHandler                         0x08000203   Thumb Code     0  startup_stm32f103xb.o(.text)
    EXTI15_10_IRQHandler                     0x08000203   Thumb Code     0  startup_stm32f103xb.o(.text)
    EXTI1_IRQHandler                         0x08000203   Thumb Code     0  startup_stm32f103xb.o(.text)
    EXTI2_IRQHandler                         0x08000203   Thumb Code     0  startup_stm32f103xb.o(.text)
    EXTI3_IRQHandler                         0x08000203   Thumb Code     0  startup_stm32f103xb.o(.text)
    EXTI4_IRQHandler                         0x08000203   Thumb Code     0  startup_stm32f103xb.o(.text)
    FLASH_IRQHandler                         0x08000203   Thumb Code     0  startup_stm32f103xb.o(.text)
    I2C1_ER_IRQHandler                       0x08000203   Thumb Code     0  startup_stm32f103xb.o(.text)
    I2C1_EV_IRQHandler                       0x08000203   Thumb Code     0  startup_stm32f103xb.o(.text)
    I2C2_ER_IRQHandler                       0x08000203   Thumb Code     0  startup_stm32f103xb.o(.text)
    I2C2_EV_IRQHandler                       0x08000203   Thumb Code     0  startup_stm32f103xb.o(.text)
    PVD_IRQHandler                           0x08000203   Thumb Code     0  startup_stm32f103xb.o(.text)
    RCC_IRQHandler                           0x08000203   Thumb Code     0  startup_stm32f103xb.o(.text)
    RTC_Alarm_IRQHandler                     0x08000203   Thumb Code     0  startup_stm32f103xb.o(.text)
    RTC_IRQHandler                           0x08000203   Thumb Code     0  startup_stm32f103xb.o(.text)
    SPI1_IRQHandler                          0x08000203   Thumb Code     0  startup_stm32f103xb.o(.text)
    SPI2_IRQHandler                          0x08000203   Thumb Code     0  startup_stm32f103xb.o(.text)
    TAMPER_IRQHandler                        0x08000203   Thumb Code     0  startup_stm32f103xb.o(.text)
    TIM1_BRK_IRQHandler                      0x08000203   Thumb Code     0  startup_stm32f103xb.o(.text)
    TIM1_CC_IRQHandler                       0x08000203   Thumb Code     0  startup_stm32f103xb.o(.text)
    TIM1_TRG_COM_IRQHandler                  0x08000203   Thumb Code     0  startup_stm32f103xb.o(.text)
    TIM1_UP_IRQHandler                       0x08000203   Thumb Code     0  startup_stm32f103xb.o(.text)
    TIM2_IRQHandler                          0x08000203   Thumb Code     0  startup_stm32f103xb.o(.text)
    TIM3_IRQHandler                          0x08000203   Thumb Code     0  startup_stm32f103xb.o(.text)
    TIM4_IRQHandler                          0x08000203   Thumb Code     0  startup_stm32f103xb.o(.text)
    USART2_IRQHandler                        0x08000203   Thumb Code     0  startup_stm32f103xb.o(.text)
    USART3_IRQHandler                        0x08000203   Thumb Code     0  startup_stm32f103xb.o(.text)
    USBWakeUp_IRQHandler                     0x08000203   Thumb Code     0  startup_stm32f103xb.o(.text)
    USB_HP_CAN1_TX_IRQHandler                0x08000203   Thumb Code     0  startup_stm32f103xb.o(.text)
    USB_LP_CAN1_RX0_IRQHandler               0x08000203   Thumb Code     0  startup_stm32f103xb.o(.text)
    WWDG_IRQHandler                          0x08000203   Thumb Code     0  startup_stm32f103xb.o(.text)
    __user_initial_stackheap                 0x08000205   Thumb Code     0  startup_stm32f103xb.o(.text)
    __2sprintf                               0x08000229   Thumb Code    34  noretval__2sprintf.o(.text)
    __printf                                 0x08000251   Thumb Code   104  __printf.o(.text)
    _printf_str                              0x080002b9   Thumb Code    82  _printf_str.o(.text)
    strlen                                   0x0800030b   Thumb Code    62  strlen.o(.text)
    __aeabi_memclr4                          0x08000349   Thumb Code     0  rt_memclr_w.o(.text)
    __aeabi_memclr8                          0x08000349   Thumb Code     0  rt_memclr_w.o(.text)
    __rt_memclr_w                            0x08000349   Thumb Code    78  rt_memclr_w.o(.text)
    _memset_w                                0x0800034d   Thumb Code     0  rt_memclr_w.o(.text)
    __use_two_region_memory                  0x08000397   Thumb Code     2  heapauxi.o(.text)
    __rt_heap_escrow$2region                 0x08000399   Thumb Code     2  heapauxi.o(.text)
    __rt_heap_expand$2region                 0x0800039b   Thumb Code     2  heapauxi.o(.text)
    __read_errno                             0x0800039d   Thumb Code    10  _rserrno.o(.text)
    __set_errno                              0x080003a7   Thumb Code    12  _rserrno.o(.text)
    __lib_sel_fp_printf                      0x080003b3   Thumb Code     2  _printf_fp_dec.o(.text)
    _printf_fp_dec_real                      0x08000565   Thumb Code   620  _printf_fp_dec.o(.text)
    _printf_char_common                      0x080007db   Thumb Code    32  _printf_char_common.o(.text)
    _sputc                                   0x08000801   Thumb Code    10  _sputc.o(.text)
    _printf_cs_common                        0x0800080b   Thumb Code    20  _printf_char.o(.text)
    _printf_char                             0x0800081f   Thumb Code    16  _printf_char.o(.text)
    _printf_string                           0x0800082f   Thumb Code     8  _printf_char.o(.text)
    __rt_locale                              0x08000839   Thumb Code     8  rt_locale_intlibspace.o(.text)
    __aeabi_errno_addr                       0x08000841   Thumb Code     8  rt_errno_addr_intlibspace.o(.text)
    __errno$intlibspace                      0x08000841   Thumb Code     0  rt_errno_addr_intlibspace.o(.text)
    __rt_errno_addr$intlibspace              0x08000841   Thumb Code     0  rt_errno_addr_intlibspace.o(.text)
    _ll_udiv10                               0x08000849   Thumb Code   138  lludiv10.o(.text)
    _printf_fp_infnan                        0x080008d5   Thumb Code   112  _printf_fp_infnan.o(.text)
    _btod_etento                             0x08000955   Thumb Code   224  bigflt0.o(.text)
    __user_libspace                          0x08000a39   Thumb Code     8  libspace.o(.text)
    __user_perproc_libspace                  0x08000a39   Thumb Code     0  libspace.o(.text)
    __user_perthread_libspace                0x08000a39   Thumb Code     0  libspace.o(.text)
    __user_setup_stackheap                   0x08000a41   Thumb Code    74  sys_stackheap_outer.o(.text)
    exit                                     0x08000a8b   Thumb Code    18  exit.o(.text)
    strcmp                                   0x08000a9d   Thumb Code   128  strcmpv7m.o(.text)
    _sys_exit                                0x08000b1d   Thumb Code     8  sys_exit.o(.text)
    __I$use$semihosting                      0x08000b29   Thumb Code     0  use_no_semi.o(.text)
    __use_no_semihosting_swi                 0x08000b29   Thumb Code     2  use_no_semi.o(.text)
    __semihosting_library_function           0x08000b2b   Thumb Code     0  indicate_semi.o(.text)
    _btod_d2e                                0x08000b2b   Thumb Code    62  btod.o(CL$$btod_d2e)
    _d2e_denorm_low                          0x08000b69   Thumb Code    70  btod.o(CL$$btod_d2e_denorm_low)
    _d2e_norm_op1                            0x08000baf   Thumb Code    96  btod.o(CL$$btod_d2e_norm_op1)
    __btod_div_common                        0x08000c0f   Thumb Code   696  btod.o(CL$$btod_div_common)
    _e2e                                     0x08000f47   Thumb Code   220  btod.o(CL$$btod_e2e)
    _btod_ediv                               0x08001023   Thumb Code    42  btod.o(CL$$btod_ediv)
    _btod_emul                               0x0800104d   Thumb Code    42  btod.o(CL$$btod_emul)
    __btod_mult_common                       0x08001077   Thumb Code   580  btod.o(CL$$btod_mult_common)
    ADC_ConversionStop_Disable               0x080012bd   Thumb Code    86  stm32f1xx_hal_adc.o(i.ADC_ConversionStop_Disable)
    ADC_DMAConvCplt                          0x08001313   Thumb Code    78  stm32f1xx_hal_adc.o(i.ADC_DMAConvCplt)
    ADC_DMAError                             0x08001361   Thumb Code    26  stm32f1xx_hal_adc.o(i.ADC_DMAError)
    ADC_DMAHalfConvCplt                      0x0800137b   Thumb Code    10  stm32f1xx_hal_adc.o(i.ADC_DMAHalfConvCplt)
    ADC_Enable                               0x08001385   Thumb Code   114  stm32f1xx_hal_adc.o(i.ADC_Enable)
    BusFault_Handler                         0x08001401   Thumb Code     2  stm32f1xx_it.o(i.BusFault_Handler)
    DMA1_Channel1_IRQHandler                 0x08001405   Thumb Code     6  stm32f1xx_it.o(i.DMA1_Channel1_IRQHandler)
    DebugMon_Handler                         0x0800143b   Thumb Code     2  stm32f1xx_it.o(i.DebugMon_Handler)
    EXTI9_5_IRQHandler                       0x0800143d   Thumb Code     6  stm32f1xx_it.o(i.EXTI9_5_IRQHandler)
    Error_Handler                            0x08001443   Thumb Code     4  main.o(i.Error_Handler)
    HAL_ADC_ConfigChannel                    0x08001449   Thumb Code   240  stm32f1xx_hal_adc.o(i.HAL_ADC_ConfigChannel)
    HAL_ADC_ConvCpltCallback                 0x08001545   Thumb Code     2  stm32f1xx_hal_adc.o(i.HAL_ADC_ConvCpltCallback)
    HAL_ADC_ConvHalfCpltCallback             0x08001547   Thumb Code     2  stm32f1xx_hal_adc.o(i.HAL_ADC_ConvHalfCpltCallback)
    HAL_ADC_ErrorCallback                    0x08001549   Thumb Code     2  stm32f1xx_hal_adc.o(i.HAL_ADC_ErrorCallback)
    HAL_ADC_Init                             0x0800154d   Thumb Code   272  stm32f1xx_hal_adc.o(i.HAL_ADC_Init)
    HAL_ADC_MspInit                          0x08001669   Thumb Code   152  stm32f1xx_hal_msp.o(i.HAL_ADC_MspInit)
    HAL_ADC_Start_DMA                        0x08001719   Thumb Code   246  stm32f1xx_hal_adc.o(i.HAL_ADC_Start_DMA)
    HAL_DMA_Abort                            0x08001825   Thumb Code    70  stm32f1xx_hal_dma.o(i.HAL_DMA_Abort)
    HAL_DMA_Abort_IT                         0x0800186d   Thumb Code   148  stm32f1xx_hal_dma.o(i.HAL_DMA_Abort_IT)
    HAL_DMA_IRQHandler                       0x08001905   Thumb Code   316  stm32f1xx_hal_dma.o(i.HAL_DMA_IRQHandler)
    HAL_DMA_Init                             0x08001a59   Thumb Code    84  stm32f1xx_hal_dma.o(i.HAL_DMA_Init)
    HAL_DMA_Start_IT                         0x08001ab5   Thumb Code   112  stm32f1xx_hal_dma.o(i.HAL_DMA_Start_IT)
    HAL_Delay                                0x08001b25   Thumb Code    32  stm32f1xx_hal.o(i.HAL_Delay)
    HAL_GPIO_EXTI_Callback                   0x08001b49   Thumb Code    52  main.o(i.HAL_GPIO_EXTI_Callback)
    HAL_GPIO_EXTI_IRQHandler                 0x08001b89   Thumb Code    18  stm32f1xx_hal_gpio.o(i.HAL_GPIO_EXTI_IRQHandler)
    HAL_GPIO_Init                            0x08001ba1   Thumb Code   446  stm32f1xx_hal_gpio.o(i.HAL_GPIO_Init)
    HAL_GPIO_ReadPin                         0x08001d81   Thumb Code    10  stm32f1xx_hal_gpio.o(i.HAL_GPIO_ReadPin)
    HAL_GPIO_WritePin                        0x08001d8b   Thumb Code    10  stm32f1xx_hal_gpio.o(i.HAL_GPIO_WritePin)
    HAL_GetTick                              0x08001d95   Thumb Code     6  stm32f1xx_hal.o(i.HAL_GetTick)
    HAL_IncTick                              0x08001da1   Thumb Code    12  stm32f1xx_hal.o(i.HAL_IncTick)
    HAL_Init                                 0x08001db1   Thumb Code    32  stm32f1xx_hal.o(i.HAL_Init)
    HAL_InitTick                             0x08001dd5   Thumb Code    54  stm32f1xx_hal.o(i.HAL_InitTick)
    HAL_MspInit                              0x08001e15   Thumb Code    52  stm32f1xx_hal_msp.o(i.HAL_MspInit)
    HAL_NVIC_EnableIRQ                       0x08001e51   Thumb Code    26  stm32f1xx_hal_cortex.o(i.HAL_NVIC_EnableIRQ)
    HAL_NVIC_SetPriority                     0x08001e6d   Thumb Code    60  stm32f1xx_hal_cortex.o(i.HAL_NVIC_SetPriority)
    HAL_NVIC_SetPriorityGrouping             0x08001ead   Thumb Code    26  stm32f1xx_hal_cortex.o(i.HAL_NVIC_SetPriorityGrouping)
    HAL_RCCEx_PeriphCLKConfig                0x08001ed1   Thumb Code   224  stm32f1xx_hal_rcc_ex.o(i.HAL_RCCEx_PeriphCLKConfig)
    HAL_RCC_ClockConfig                      0x08001fbd   Thumb Code   280  stm32f1xx_hal_rcc.o(i.HAL_RCC_ClockConfig)
    HAL_RCC_GetPCLK1Freq                     0x080020e9   Thumb Code    20  stm32f1xx_hal_rcc.o(i.HAL_RCC_GetPCLK1Freq)
    HAL_RCC_GetPCLK2Freq                     0x08002109   Thumb Code    20  stm32f1xx_hal_rcc.o(i.HAL_RCC_GetPCLK2Freq)
    HAL_RCC_GetSysClockFreq                  0x08002129   Thumb Code    74  stm32f1xx_hal_rcc.o(i.HAL_RCC_GetSysClockFreq)
    HAL_RCC_OscConfig                        0x08002195   Thumb Code   778  stm32f1xx_hal_rcc.o(i.HAL_RCC_OscConfig)
    HAL_SYSTICK_Config                       0x080024b5   Thumb Code    40  stm32f1xx_hal_cortex.o(i.HAL_SYSTICK_Config)
    HAL_TIMEx_ConfigBreakDeadTime            0x080024dd   Thumb Code    84  stm32f1xx_hal_tim_ex.o(i.HAL_TIMEx_ConfigBreakDeadTime)
    HAL_TIMEx_MasterConfigSynchronization    0x08002531   Thumb Code    92  stm32f1xx_hal_tim_ex.o(i.HAL_TIMEx_MasterConfigSynchronization)
    HAL_TIM_Base_Init                        0x08002599   Thumb Code    90  stm32f1xx_hal_tim.o(i.HAL_TIM_Base_Init)
    HAL_TIM_Base_MspInit                     0x080025f5   Thumb Code    52  stm32f1xx_hal_msp.o(i.HAL_TIM_Base_MspInit)
    HAL_TIM_Base_Start                       0x08002635   Thumb Code    66  stm32f1xx_hal_tim.o(i.HAL_TIM_Base_Start)
    HAL_TIM_ConfigClockSource                0x08002685   Thumb Code   214  stm32f1xx_hal_tim.o(i.HAL_TIM_ConfigClockSource)
    HAL_TIM_Encoder_Init                     0x0800275b   Thumb Code   164  stm32f1xx_hal_tim.o(i.HAL_TIM_Encoder_Init)
    HAL_TIM_Encoder_MspInit                  0x08002801   Thumb Code   174  stm32f1xx_hal_msp.o(i.HAL_TIM_Encoder_MspInit)
    HAL_TIM_Encoder_Start                    0x080028c5   Thumb Code   142  stm32f1xx_hal_tim.o(i.HAL_TIM_Encoder_Start)
    HAL_TIM_MspPostInit                      0x08002955   Thumb Code    64  stm32f1xx_hal_msp.o(i.HAL_TIM_MspPostInit)
    HAL_TIM_PWM_ConfigChannel                0x080029a1   Thumb Code   198  stm32f1xx_hal_tim.o(i.HAL_TIM_PWM_ConfigChannel)
    HAL_TIM_PWM_Init                         0x08002a67   Thumb Code    90  stm32f1xx_hal_tim.o(i.HAL_TIM_PWM_Init)
    HAL_TIM_PWM_MspInit                      0x08002ac1   Thumb Code     2  stm32f1xx_hal_tim.o(i.HAL_TIM_PWM_MspInit)
    HAL_TIM_PWM_Start                        0x08002ac5   Thumb Code   144  stm32f1xx_hal_tim.o(i.HAL_TIM_PWM_Start)
    HAL_UARTEx_RxEventCallback               0x08002b61   Thumb Code     2  stm32f1xx_hal_uart.o(i.HAL_UARTEx_RxEventCallback)
    HAL_UART_ErrorCallback                   0x08002b63   Thumb Code     2  stm32f1xx_hal_uart.o(i.HAL_UART_ErrorCallback)
    HAL_UART_IRQHandler                      0x08002b65   Thumb Code   520  stm32f1xx_hal_uart.o(i.HAL_UART_IRQHandler)
    HAL_UART_Init                            0x08002d71   Thumb Code    98  stm32f1xx_hal_uart.o(i.HAL_UART_Init)
    HAL_UART_MspInit                         0x08002dd5   Thumb Code   128  stm32f1xx_hal_msp.o(i.HAL_UART_MspInit)
    HAL_UART_Receive_IT                      0x08002e65   Thumb Code    42  stm32f1xx_hal_uart.o(i.HAL_UART_Receive_IT)
    HAL_UART_RxCpltCallback                  0x08002e91   Thumb Code    44  main.o(i.HAL_UART_RxCpltCallback)
    HAL_UART_Transmit                        0x08002ec9   Thumb Code   178  stm32f1xx_hal_uart.o(i.HAL_UART_Transmit)
    HAL_UART_TxCpltCallback                  0x08002f7b   Thumb Code     2  stm32f1xx_hal_uart.o(i.HAL_UART_TxCpltCallback)
    HardFault_Handler                        0x08002f7d   Thumb Code     2  stm32f1xx_it.o(i.HardFault_Handler)
    MemManage_Handler                        0x0800331d   Thumb Code     2  stm32f1xx_it.o(i.MemManage_Handler)
    NMI_Handler                              0x0800331f   Thumb Code     2  stm32f1xx_it.o(i.NMI_Handler)
    PendSV_Handler                           0x08003321   Thumb Code     2  stm32f1xx_it.o(i.PendSV_Handler)
    SVC_Handler                              0x08003323   Thumb Code     2  stm32f1xx_it.o(i.SVC_Handler)
    SysTick_Handler                          0x08003325   Thumb Code     4  stm32f1xx_it.o(i.SysTick_Handler)
    SystemClock_Config                       0x08003329   Thumb Code   120  main.o(i.SystemClock_Config)
    SystemInit                               0x080033a1   Thumb Code     2  system_stm32f1xx.o(i.SystemInit)
    TIM_Base_SetConfig                       0x080033a5   Thumb Code    94  stm32f1xx_hal_tim.o(i.TIM_Base_SetConfig)
    TIM_CCxChannelCmd                        0x08003411   Thumb Code    26  stm32f1xx_hal_tim.o(i.TIM_CCxChannelCmd)
    TIM_ETR_SetConfig                        0x0800342b   Thumb Code    20  stm32f1xx_hal_tim.o(i.TIM_ETR_SetConfig)
    TIM_OC2_SetConfig                        0x080034a1   Thumb Code    84  stm32f1xx_hal_tim.o(i.TIM_OC2_SetConfig)
    UART_Start_Receive_IT                    0x08003789   Thumb Code    54  stm32f1xx_hal_uart.o(i.UART_Start_Receive_IT)
    USART1_IRQHandler                        0x08003825   Thumb Code     6  stm32f1xx_it.o(i.USART1_IRQHandler)
    UsageFault_Handler                       0x08003831   Thumb Code     2  stm32f1xx_it.o(i.UsageFault_Handler)
    __ARM_fpclassify                         0x08003833   Thumb Code    40  fpclassify.o(i.__ARM_fpclassify)
    __ieee754_rem_pio2                       0x0800387d   Thumb Code   828  rred.o(i.__ieee754_rem_pio2)
    __kernel_cos                             0x08003c05   Thumb Code   230  cos_i.o(i.__kernel_cos)
    __kernel_poly                            0x08003d01   Thumb Code   170  poly.o(i.__kernel_poly)
    __kernel_sin                             0x08003dad   Thumb Code   224  sin_i.o(i.__kernel_sin)
    __mathlib_dbl_infnan                     0x08003e99   Thumb Code     6  dunder.o(i.__mathlib_dbl_infnan)
    __mathlib_dbl_infnan2                    0x08003e9f   Thumb Code     4  dunder.o(i.__mathlib_dbl_infnan2)
    __mathlib_dbl_invalid                    0x08003ea3   Thumb Code    12  dunder.o(i.__mathlib_dbl_invalid)
    __mathlib_dbl_underflow                  0x08003eb1   Thumb Code    10  dunder.o(i.__mathlib_dbl_underflow)
    atan                                     0x08003ec1   Thumb Code   474  atan.o(i.atan)
    atan2                                    0x080040e1   Thumb Code   346  atan2.o(i.atan2)
    cos                                      0x08004261   Thumb Code   148  cos.o(i.cos)
    delay_us                                 0x080042fd   Thumb Code    18  main.o(i.delay_us)
    forward                                  0x08004315   Thumb Code   810  main.o(i.forward)
    main                                     0x08004671   Thumb Code   856  main.o(i.main)
    motor                                    0x08004a41   Thumb Code   836  main.o(i.motor)
    print_data                               0x08004db9   Thumb Code   178  main.o(i.print_data)
    read_hc04                                0x08004ea1   Thumb Code    38  main.o(i.read_hc04)
    rotate                                   0x08004ed5   Thumb Code   810  main.o(i.rotate)
    signnum_typical                          0x08005231   Thumb Code    44  main.o(i.signnum_typical)
    sin                                      0x0800525d   Thumb Code   150  sin.o(i.sin)
    sqrt                                     0x080052fd   Thumb Code    76  sqrt.o(i.sqrt)
    tracking_line                            0x08005349   Thumb Code   506  main.o(i.tracking_line)
    trig_hc04                                0x0800554d   Thumb Code    40  main.o(i.trig_hc04)
    vong_vat_can                             0x0800557d   Thumb Code   640  main.o(i.vong_vat_can)
    _get_lc_numeric                          0x08005829   Thumb Code    44  lc_numeric_c.o(locale$$code)
    __aeabi_d2f                              0x08005855   Thumb Code     0  d2f.o(x$fpl$d2f)
    _d2f                                     0x08005855   Thumb Code    98  d2f.o(x$fpl$d2f)
    __aeabi_dadd                             0x080058b9   Thumb Code     0  daddsub_clz.o(x$fpl$dadd)
    _dadd                                    0x080058b9   Thumb Code   332  daddsub_clz.o(x$fpl$dadd)
    __fpl_dcheck_NaN1                        0x08005a09   Thumb Code    10  dcheck1.o(x$fpl$dcheck1)
    __fpl_dcmp_Inf                           0x08005a19   Thumb Code    24  dcmpi.o(x$fpl$dcmpinf)
    __aeabi_ddiv                             0x08005a31   Thumb Code     0  ddiv.o(x$fpl$ddiv)
    _ddiv                                    0x08005a31   Thumb Code   552  ddiv.o(x$fpl$ddiv)
    __aeabi_d2iz                             0x08005ce1   Thumb Code     0  dfix.o(x$fpl$dfix)
    _dfix                                    0x08005ce1   Thumb Code    94  dfix.o(x$fpl$dfix)
    __aeabi_d2uiz                            0x08005d41   Thumb Code     0  dfixu.o(x$fpl$dfixu)
    _dfixu                                   0x08005d41   Thumb Code    90  dfixu.o(x$fpl$dfixu)
    __aeabi_i2d                              0x08005d9b   Thumb Code     0  dflt_clz.o(x$fpl$dflt)
    _dflt                                    0x08005d9b   Thumb Code    46  dflt_clz.o(x$fpl$dflt)
    __aeabi_ui2d                             0x08005dc9   Thumb Code     0  dflt_clz.o(x$fpl$dfltu)
    _dfltu                                   0x08005dc9   Thumb Code    38  dflt_clz.o(x$fpl$dfltu)
    __aeabi_cdcmple                          0x08005df1   Thumb Code     0  dleqf.o(x$fpl$dleqf)
    _dcmple                                  0x08005df1   Thumb Code   120  dleqf.o(x$fpl$dleqf)
    __fpl_dcmple_InfNaN                      0x08005e53   Thumb Code     0  dleqf.o(x$fpl$dleqf)
    __aeabi_dmul                             0x08005e69   Thumb Code     0  dmul.o(x$fpl$dmul)
    _dmul                                    0x08005e69   Thumb Code   332  dmul.o(x$fpl$dmul)
    __fpl_dnaninf                            0x08005fbd   Thumb Code   156  dnaninf.o(x$fpl$dnaninf)
    __fpl_dretinf                            0x08006059   Thumb Code    12  dretinf.o(x$fpl$dretinf)
    __aeabi_cdrcmple                         0x08006065   Thumb Code     0  drleqf.o(x$fpl$drleqf)
    _drcmple                                 0x08006065   Thumb Code   108  drleqf.o(x$fpl$drleqf)
    __aeabi_drsub                            0x080060d1   Thumb Code     0  daddsub_clz.o(x$fpl$drsb)
    _drsb                                    0x080060d1   Thumb Code    22  daddsub_clz.o(x$fpl$drsb)
    _dsqrt                                   0x080060e9   Thumb Code   456  dsqrt_noumaal.o(x$fpl$dsqrt)
    __aeabi_dsub                             0x080062b5   Thumb Code     0  daddsub_clz.o(x$fpl$dsub)
    _dsub                                    0x080062b5   Thumb Code   464  daddsub_clz.o(x$fpl$dsub)
    __aeabi_f2d                              0x08006489   Thumb Code     0  f2d.o(x$fpl$f2d)
    _f2d                                     0x08006489   Thumb Code    86  f2d.o(x$fpl$f2d)
    __aeabi_fadd                             0x080064e1   Thumb Code     0  faddsub_clz.o(x$fpl$fadd)
    _fadd                                    0x080064e1   Thumb Code   196  faddsub_clz.o(x$fpl$fadd)
    __fpl_fcheck_NaN1                        0x080065a5   Thumb Code     6  fcheck1.o(x$fpl$fcheck1)
    __aeabi_fdiv                             0x080065b1   Thumb Code     0  fdiv.o(x$fpl$fdiv)
    _fdiv                                    0x080065b1   Thumb Code   384  fdiv.o(x$fpl$fdiv)
    __aeabi_f2iz                             0x08006735   Thumb Code     0  ffix.o(x$fpl$ffix)
    _ffix                                    0x08006735   Thumb Code    54  ffix.o(x$fpl$ffix)
    __aeabi_i2f                              0x0800676d   Thumb Code     0  fflt_clz.o(x$fpl$fflt)
    _fflt                                    0x0800676d   Thumb Code    48  fflt_clz.o(x$fpl$fflt)
    __aeabi_ui2f                             0x0800679d   Thumb Code     0  fflt_clz.o(x$fpl$ffltu)
    _ffltu                                   0x0800679d   Thumb Code    38  fflt_clz.o(x$fpl$ffltu)
    __aeabi_fmul                             0x080067c5   Thumb Code     0  fmul.o(x$fpl$fmul)
    _fmul                                    0x080067c5   Thumb Code   258  fmul.o(x$fpl$fmul)
    __fpl_fnaninf                            0x080068c7   Thumb Code   140  fnaninf.o(x$fpl$fnaninf)
    __fpl_fretinf                            0x08006953   Thumb Code    10  fretinf.o(x$fpl$fretinf)
    __aeabi_fsub                             0x0800695d   Thumb Code     0  faddsub_clz.o(x$fpl$fsub)
    _fsub                                    0x0800695d   Thumb Code   234  faddsub_clz.o(x$fpl$fsub)
    _printf_fp_dec                           0x08006a47   Thumb Code     4  printf1.o(x$fpl$printf1)
    __fpl_return_NaN                         0x08006a4b   Thumb Code   100  retnan.o(x$fpl$retnan)
    __ARM_scalbn                             0x08006aaf   Thumb Code    92  scalbn.o(x$fpl$scalbn)
    __ARM_scalbnf                            0x08006b0b   Thumb Code    76  scalbnf.o(x$fpl$scalbnf)
    __fpl_cmpreturn                          0x08006b57   Thumb Code    48  trapv.o(x$fpl$trapveneer)
    AHBPrescTable                            0x08006b86   Data          16  system_stm32f1xx.o(.constdata)
    __I$use$fp                               0x08006b86   Number         0  usenofp.o(x$fpl$usenofp)
    APBPrescTable                            0x08006b96   Data           8  system_stm32f1xx.o(.constdata)
    __mathlib_zero                           0x08006c68   Data           8  qnan.o(.constdata)
    Region$$Table$$Base                      0x08006df4   Number         0  anon$$obj.o(Region$$Table)
    Region$$Table$$Limit                     0x08006e14   Number         0  anon$$obj.o(Region$$Table)
    RxData                                   0x20000000   Data           1  main.o(.data)
    rxindex                                  0x20000001   Data           1  main.o(.data)
    val1                                     0x20000002   Data           2  main.o(.data)
    val2                                     0x20000004   Data           2  main.o(.data)
    dis                                      0x20000006   Data           2  main.o(.data)
    start                                    0x20000008   Data           2  main.o(.data)
    e1                                       0x2000000c   Data           4  main.o(.data)
    T_s                                      0x20000010   Data           4  main.o(.data)
    kp_r                                     0x20000014   Data           4  main.o(.data)
    ki_r                                     0x20000018   Data           4  main.o(.data)
    kd_r                                     0x2000001c   Data           4  main.o(.data)
    pwm_r                                    0x20000020   Data           4  main.o(.data)
    kp_f                                     0x20000024   Data           4  main.o(.data)
    ki_f                                     0x20000028   Data           4  main.o(.data)
    kd_f                                     0x2000002c   Data           4  main.o(.data)
    kp_l                                     0x20000030   Data           4  main.o(.data)
    ki_l                                     0x20000034   Data           4  main.o(.data)
    kd_l                                     0x20000038   Data           4  main.o(.data)
    pwm_l                                    0x2000003c   Data           4  main.o(.data)
    kp_gr                                    0x20000040   Data           4  main.o(.data)
    ki_gr                                    0x20000044   Data           4  main.o(.data)
    kd_gr                                    0x20000048   Data           4  main.o(.data)
    pwm_gr                                   0x2000004c   Data           4  main.o(.data)
    kp_gl                                    0x20000050   Data           4  main.o(.data)
    ki_gl                                    0x20000054   Data           4  main.o(.data)
    kd_gl                                    0x20000058   Data           4  main.o(.data)
    pwm_gl                                   0x2000005c   Data           4  main.o(.data)
    nume2                                    0x20000060   Data           4  main.o(.data)
    dene2                                    0x20000064   Data           4  main.o(.data)
    e2                                       0x20000068   Data           4  main.o(.data)
    nume3                                    0x2000006c   Data           4  main.o(.data)
    e3                                       0x20000070   Data           4  main.o(.data)
    e2pre                                    0x20000074   Data           4  main.o(.data)
    k_x                                      0x20000078   Data           4  main.o(.data)
    k_y                                      0x2000007c   Data           4  main.o(.data)
    k_theta                                  0x20000080   Data           4  main.o(.data)
    v_max                                    0x20000084   Data           4  main.o(.data)
    w_max                                    0x20000088   Data           4  main.o(.data)
    vwl                                      0x2000008c   Data           4  main.o(.data)
    vwr                                      0x20000090   Data           4  main.o(.data)
    angl                                     0x20000094   Data           4  main.o(.data)
    angr                                     0x20000098   Data           4  main.o(.data)
    b                                        0x2000009c   Data           4  main.o(.data)
    r                                        0x200000a0   Data           4  main.o(.data)
    pi                                       0x200000a4   Data           4  main.o(.data)
    k                                        0x200000a8   Data           4  main.o(.data)
    state                                    0x200000ac   Data           4  main.o(.data)
    currentTime_r                            0x200000b0   Data           4  main.o(.data)
    previousTime_r                           0x200000b4   Data           4  main.o(.data)
    currentTime_l                            0x200000b8   Data           4  main.o(.data)
    previousTime_l                           0x200000bc   Data           4  main.o(.data)
    currentTime_gr                           0x200000c0   Data           4  main.o(.data)
    previousTime_gr                          0x200000c4   Data           4  main.o(.data)
    currentTime_gl                           0x200000c8   Data           4  main.o(.data)
    previousTime_gl                          0x200000cc   Data           4  main.o(.data)
    currentTime                              0x200000d0   Data           4  main.o(.data)
    previousTime                             0x200000d4   Data           4  main.o(.data)
    error_r                                  0x200000d8   Data           8  main.o(.data)
    sumError_r                               0x200000e0   Data           8  main.o(.data)
    rateError_r                              0x200000e8   Data           8  main.o(.data)
    lastError_r                              0x200000f0   Data           8  main.o(.data)
    speed_r                                  0x200000f8   Data           8  main.o(.data)
    count_r                                  0x20000100   Data           8  main.o(.data)
    error_l                                  0x20000108   Data           8  main.o(.data)
    sumError_l                               0x20000110   Data           8  main.o(.data)
    rateError_l                              0x20000118   Data           8  main.o(.data)
    lastError_l                              0x20000120   Data           8  main.o(.data)
    speed_l                                  0x20000128   Data           8  main.o(.data)
    count_l                                  0x20000130   Data           8  main.o(.data)
    error_gr                                 0x20000138   Data           8  main.o(.data)
    sumError_gr                              0x20000140   Data           8  main.o(.data)
    rateError_gr                             0x20000148   Data           8  main.o(.data)
    lastError_gr                             0x20000150   Data           8  main.o(.data)
    angler                                   0x20000158   Data           8  main.o(.data)
    count_gr                                 0x20000160   Data           8  main.o(.data)
    error_gl                                 0x20000168   Data           8  main.o(.data)
    sumError_gl                              0x20000170   Data           8  main.o(.data)
    rateError_gl                             0x20000178   Data           8  main.o(.data)
    lastError_gl                             0x20000180   Data           8  main.o(.data)
    anglel                                   0x20000188   Data           8  main.o(.data)
    count_gl                                 0x20000190   Data           8  main.o(.data)
    v_r                                      0x20000198   Data           8  main.o(.data)
    w_r                                      0x200001a0   Data           8  main.o(.data)
    v_c                                      0x200001a8   Data           8  main.o(.data)
    w_c                                      0x200001b0   Data           8  main.o(.data)
    set_vwl                                  0x200001b8   Data           8  main.o(.data)
    set_vwr                                  0x200001c0   Data           8  main.o(.data)
    elapsedTime_r                            0x200001c8   Data           8  main.o(.data)
    elapsedTime_l                            0x200001d0   Data           8  main.o(.data)
    elapsedTime_gr                           0x200001d8   Data           8  main.o(.data)
    elapsedTime_gl                           0x200001e0   Data           8  main.o(.data)
    elapsedTime                              0x200001e8   Data           8  main.o(.data)
    uwTickFreq                               0x200001f0   Data           1  stm32f1xx_hal.o(.data)
    uwTickPrio                               0x200001f4   Data           4  stm32f1xx_hal.o(.data)
    uwTick                                   0x200001f8   Data           4  stm32f1xx_hal.o(.data)
    SystemCoreClock                          0x200001fc   Data           4  system_stm32f1xx.o(.data)
    hadc1                                    0x20000200   Data          48  main.o(.bss)
    htim1                                    0x20000230   Data          72  main.o(.bss)
    htim2                                    0x20000278   Data          72  main.o(.bss)
    htim3                                    0x200002c0   Data          72  main.o(.bss)
    htim4                                    0x20000308   Data          72  main.o(.bss)
    huart1                                   0x20000350   Data          68  main.o(.bss)
    u16_ADCSensor                            0x20000394   Data          14  main.o(.bss)
    TxBuff                                   0x200003a2   Data          20  main.o(.bss)
    RxBuff                                   0x200003b6   Data          20  main.o(.bss)
    hdma_adc1                                0x200003cc   Data          68  main.o(.bss)
    __libspace_start                         0x20000410   Data          96  libspace.o(.bss)
    __temporary_stack_top$libspace           0x20000470   Data           0  libspace.o(.bss)



==============================================================================

Memory Map of the image

  Image Entry point : 0x080000ed

  Load Region LR_IROM1 (Base: 0x08000000, Size: 0x00007030, Max: 0x00010000, ABSOLUTE, COMPRESSED[0x00006e8c])

    Execution Region ER_IROM1 (Exec base: 0x08000000, Load base: 0x08000000, Size: 0x00006e30, Max: 0x00010000, ABSOLUTE)

    Exec Addr    Load Addr    Size         Type   Attr      Idx    E Section Name        Object

    0x08000000   0x08000000   0x000000ec   Data   RO            3    RESET               startup_stm32f103xb.o
    0x080000ec   0x080000ec   0x00000008   Code   RO         3206  * !!!main             c_w.l(__main.o)
    0x080000f4   0x080000f4   0x00000034   Code   RO         3582    !!!scatter          c_w.l(__scatter.o)
    0x08000128   0x08000128   0x0000005a   Code   RO         3580    !!dczerorl2         c_w.l(__dczerorl2.o)
    0x08000182   0x08000182   0x00000002   PAD
    0x08000184   0x08000184   0x0000001c   Code   RO         3584    !!handler_zi        c_w.l(__scatter_zi.o)
    0x080001a0   0x080001a0   0x00000000   Code   RO         3199    .ARM.Collect$$_printf_percent$$00000000  c_w.l(_printf_percent.o)
    0x080001a0   0x080001a0   0x00000006   Code   RO         3198    .ARM.Collect$$_printf_percent$$00000003  c_w.l(_printf_f.o)
    0x080001a6   0x080001a6   0x00000006   Code   RO         3197    .ARM.Collect$$_printf_percent$$00000014  c_w.l(_printf_s.o)
    0x080001ac   0x080001ac   0x00000004   Code   RO         3319    .ARM.Collect$$_printf_percent$$00000017  c_w.l(_printf_percent_end.o)
    0x080001b0   0x080001b0   0x00000002   Code   RO         3451    .ARM.Collect$$libinit$$00000000  c_w.l(libinit.o)
    0x080001b2   0x080001b2   0x00000000   Code   RO         3453    .ARM.Collect$$libinit$$00000002  c_w.l(libinit2.o)
    0x080001b2   0x080001b2   0x00000000   Code   RO         3455    .ARM.Collect$$libinit$$00000004  c_w.l(libinit2.o)
    0x080001b2   0x080001b2   0x00000000   Code   RO         3458    .ARM.Collect$$libinit$$0000000A  c_w.l(libinit2.o)
    0x080001b2   0x080001b2   0x00000000   Code   RO         3460    .ARM.Collect$$libinit$$0000000C  c_w.l(libinit2.o)
    0x080001b2   0x080001b2   0x00000000   Code   RO         3462    .ARM.Collect$$libinit$$0000000E  c_w.l(libinit2.o)
    0x080001b2   0x080001b2   0x00000006   Code   RO         3463    .ARM.Collect$$libinit$$0000000F  c_w.l(libinit2.o)
    0x080001b8   0x080001b8   0x00000000   Code   RO         3465    .ARM.Collect$$libinit$$00000011  c_w.l(libinit2.o)
    0x080001b8   0x080001b8   0x00000000   Code   RO         3467    .ARM.Collect$$libinit$$00000013  c_w.l(libinit2.o)
    0x080001b8   0x080001b8   0x00000000   Code   RO         3469    .ARM.Collect$$libinit$$00000015  c_w.l(libinit2.o)
    0x080001b8   0x080001b8   0x0000000a   Code   RO         3470    .ARM.Collect$$libinit$$00000016  c_w.l(libinit2.o)
    0x080001c2   0x080001c2   0x00000000   Code   RO         3471    .ARM.Collect$$libinit$$00000017  c_w.l(libinit2.o)
    0x080001c2   0x080001c2   0x00000000   Code   RO         3473    .ARM.Collect$$libinit$$00000019  c_w.l(libinit2.o)
    0x080001c2   0x080001c2   0x00000000   Code   RO         3475    .ARM.Collect$$libinit$$0000001B  c_w.l(libinit2.o)
    0x080001c2   0x080001c2   0x00000000   Code   RO         3477    .ARM.Collect$$libinit$$0000001D  c_w.l(libinit2.o)
    0x080001c2   0x080001c2   0x00000000   Code   RO         3479    .ARM.Collect$$libinit$$0000001F  c_w.l(libinit2.o)
    0x080001c2   0x080001c2   0x00000000   Code   RO         3481    .ARM.Collect$$libinit$$00000021  c_w.l(libinit2.o)
    0x080001c2   0x080001c2   0x00000000   Code   RO         3483    .ARM.Collect$$libinit$$00000023  c_w.l(libinit2.o)
    0x080001c2   0x080001c2   0x00000000   Code   RO         3485    .ARM.Collect$$libinit$$00000025  c_w.l(libinit2.o)
    0x080001c2   0x080001c2   0x00000000   Code   RO         3489    .ARM.Collect$$libinit$$0000002C  c_w.l(libinit2.o)
    0x080001c2   0x080001c2   0x00000000   Code   RO         3491    .ARM.Collect$$libinit$$0000002E  c_w.l(libinit2.o)
    0x080001c2   0x080001c2   0x00000000   Code   RO         3493    .ARM.Collect$$libinit$$00000030  c_w.l(libinit2.o)
    0x080001c2   0x080001c2   0x00000000   Code   RO         3495    .ARM.Collect$$libinit$$00000032  c_w.l(libinit2.o)
    0x080001c2   0x080001c2   0x00000002   Code   RO         3496    .ARM.Collect$$libinit$$00000033  c_w.l(libinit2.o)
    0x080001c4   0x080001c4   0x00000002   Code   RO         3528    .ARM.Collect$$libshutdown$$00000000  c_w.l(libshutdown.o)
    0x080001c6   0x080001c6   0x00000000   Code   RO         3539    .ARM.Collect$$libshutdown$$00000002  c_w.l(libshutdown2.o)
    0x080001c6   0x080001c6   0x00000000   Code   RO         3541    .ARM.Collect$$libshutdown$$00000004  c_w.l(libshutdown2.o)
    0x080001c6   0x080001c6   0x00000000   Code   RO         3544    .ARM.Collect$$libshutdown$$00000007  c_w.l(libshutdown2.o)
    0x080001c6   0x080001c6   0x00000000   Code   RO         3547    .ARM.Collect$$libshutdown$$0000000A  c_w.l(libshutdown2.o)
    0x080001c6   0x080001c6   0x00000000   Code   RO         3549    .ARM.Collect$$libshutdown$$0000000C  c_w.l(libshutdown2.o)
    0x080001c6   0x080001c6   0x00000000   Code   RO         3552    .ARM.Collect$$libshutdown$$0000000F  c_w.l(libshutdown2.o)
    0x080001c6   0x080001c6   0x00000002   Code   RO         3553    .ARM.Collect$$libshutdown$$00000010  c_w.l(libshutdown2.o)
    0x080001c8   0x080001c8   0x00000000   Code   RO         3308    .ARM.Collect$$rtentry$$00000000  c_w.l(__rtentry.o)
    0x080001c8   0x080001c8   0x00000000   Code   RO         3371    .ARM.Collect$$rtentry$$00000002  c_w.l(__rtentry2.o)
    0x080001c8   0x080001c8   0x00000006   Code   RO         3383    .ARM.Collect$$rtentry$$00000004  c_w.l(__rtentry4.o)
    0x080001ce   0x080001ce   0x00000000   Code   RO         3373    .ARM.Collect$$rtentry$$00000009  c_w.l(__rtentry2.o)
    0x080001ce   0x080001ce   0x00000004   Code   RO         3374    .ARM.Collect$$rtentry$$0000000A  c_w.l(__rtentry2.o)
    0x080001d2   0x080001d2   0x00000000   Code   RO         3376    .ARM.Collect$$rtentry$$0000000C  c_w.l(__rtentry2.o)
    0x080001d2   0x080001d2   0x00000008   Code   RO         3377    .ARM.Collect$$rtentry$$0000000D  c_w.l(__rtentry2.o)
    0x080001da   0x080001da   0x00000002   Code   RO         3499    .ARM.Collect$$rtexit$$00000000  c_w.l(rtexit.o)
    0x080001dc   0x080001dc   0x00000000   Code   RO         3506    .ARM.Collect$$rtexit$$00000002  c_w.l(rtexit2.o)
    0x080001dc   0x080001dc   0x00000004   Code   RO         3507    .ARM.Collect$$rtexit$$00000003  c_w.l(rtexit2.o)
    0x080001e0   0x080001e0   0x00000006   Code   RO         3508    .ARM.Collect$$rtexit$$00000004  c_w.l(rtexit2.o)
    0x080001e6   0x080001e6   0x00000002   PAD
    0x080001e8   0x080001e8   0x00000040   Code   RO            4    .text               startup_stm32f103xb.o
    0x08000228   0x08000228   0x00000028   Code   RO         3171    .text               c_w.l(noretval__2sprintf.o)
    0x08000250   0x08000250   0x00000068   Code   RO         3173    .text               c_w.l(__printf.o)
    0x080002b8   0x080002b8   0x00000052   Code   RO         3175    .text               c_w.l(_printf_str.o)
    0x0800030a   0x0800030a   0x0000003e   Code   RO         3200    .text               c_w.l(strlen.o)
    0x08000348   0x08000348   0x0000004e   Code   RO         3202    .text               c_w.l(rt_memclr_w.o)
    0x08000396   0x08000396   0x00000006   Code   RO         3204    .text               c_w.l(heapauxi.o)
    0x0800039c   0x0800039c   0x00000016   Code   RO         3309    .text               c_w.l(_rserrno.o)
    0x080003b2   0x080003b2   0x0000041e   Code   RO         3311    .text               c_w.l(_printf_fp_dec.o)
    0x080007d0   0x080007d0   0x00000030   Code   RO         3313    .text               c_w.l(_printf_char_common.o)
    0x08000800   0x08000800   0x0000000a   Code   RO         3315    .text               c_w.l(_sputc.o)
    0x0800080a   0x0800080a   0x0000002c   Code   RO         3317    .text               c_w.l(_printf_char.o)
    0x08000836   0x08000836   0x00000002   PAD
    0x08000838   0x08000838   0x00000008   Code   RO         3388    .text               c_w.l(rt_locale_intlibspace.o)
    0x08000840   0x08000840   0x00000008   Code   RO         3393    .text               c_w.l(rt_errno_addr_intlibspace.o)
    0x08000848   0x08000848   0x0000008a   Code   RO         3395    .text               c_w.l(lludiv10.o)
    0x080008d2   0x080008d2   0x00000002   PAD
    0x080008d4   0x080008d4   0x00000080   Code   RO         3397    .text               c_w.l(_printf_fp_infnan.o)
    0x08000954   0x08000954   0x000000e4   Code   RO         3401    .text               c_w.l(bigflt0.o)
    0x08000a38   0x08000a38   0x00000008   Code   RO         3437    .text               c_w.l(libspace.o)
    0x08000a40   0x08000a40   0x0000004a   Code   RO         3440    .text               c_w.l(sys_stackheap_outer.o)
    0x08000a8a   0x08000a8a   0x00000012   Code   RO         3442    .text               c_w.l(exit.o)
    0x08000a9c   0x08000a9c   0x00000080   Code   RO         3444    .text               c_w.l(strcmpv7m.o)
    0x08000b1c   0x08000b1c   0x0000000c   Code   RO         3518    .text               c_w.l(sys_exit.o)
    0x08000b28   0x08000b28   0x00000002   Code   RO         3529    .text               c_w.l(use_no_semi.o)
    0x08000b2a   0x08000b2a   0x00000000   Code   RO         3531    .text               c_w.l(indicate_semi.o)
    0x08000b2a   0x08000b2a   0x0000003e   Code   RO         3404    CL$$btod_d2e        c_w.l(btod.o)
    0x08000b68   0x08000b68   0x00000046   Code   RO         3406    CL$$btod_d2e_denorm_low  c_w.l(btod.o)
    0x08000bae   0x08000bae   0x00000060   Code   RO         3405    CL$$btod_d2e_norm_op1  c_w.l(btod.o)
    0x08000c0e   0x08000c0e   0x00000338   Code   RO         3414    CL$$btod_div_common  c_w.l(btod.o)
    0x08000f46   0x08000f46   0x000000dc   Code   RO         3411    CL$$btod_e2e        c_w.l(btod.o)
    0x08001022   0x08001022   0x0000002a   Code   RO         3408    CL$$btod_ediv       c_w.l(btod.o)
    0x0800104c   0x0800104c   0x0000002a   Code   RO         3407    CL$$btod_emul       c_w.l(btod.o)
    0x08001076   0x08001076   0x00000244   Code   RO         3413    CL$$btod_mult_common  c_w.l(btod.o)
    0x080012ba   0x080012ba   0x00000002   PAD
    0x080012bc   0x080012bc   0x00000056   Code   RO          549    i.ADC_ConversionStop_Disable  stm32f1xx_hal_adc.o
    0x08001312   0x08001312   0x0000004e   Code   RO          550    i.ADC_DMAConvCplt   stm32f1xx_hal_adc.o
    0x08001360   0x08001360   0x0000001a   Code   RO          551    i.ADC_DMAError      stm32f1xx_hal_adc.o
    0x0800137a   0x0800137a   0x0000000a   Code   RO          552    i.ADC_DMAHalfConvCplt  stm32f1xx_hal_adc.o
    0x08001384   0x08001384   0x0000007c   Code   RO          553    i.ADC_Enable        stm32f1xx_hal_adc.o
    0x08001400   0x08001400   0x00000002   Code   RO          253    i.BusFault_Handler  stm32f1xx_it.o
    0x08001402   0x08001402   0x00000002   PAD
    0x08001404   0x08001404   0x0000000c   Code   RO          254    i.DMA1_Channel1_IRQHandler  stm32f1xx_it.o
    0x08001410   0x08001410   0x0000002a   Code   RO         1203    i.DMA_SetConfig     stm32f1xx_hal_dma.o
    0x0800143a   0x0800143a   0x00000002   Code   RO          255    i.DebugMon_Handler  stm32f1xx_it.o
    0x0800143c   0x0800143c   0x00000006   Code   RO          256    i.EXTI9_5_IRQHandler  stm32f1xx_it.o
    0x08001442   0x08001442   0x00000004   Code   RO           13    i.Error_Handler     main.o
    0x08001446   0x08001446   0x00000002   PAD
    0x08001448   0x08001448   0x000000fc   Code   RO          555    i.HAL_ADC_ConfigChannel  stm32f1xx_hal_adc.o
    0x08001544   0x08001544   0x00000002   Code   RO          556    i.HAL_ADC_ConvCpltCallback  stm32f1xx_hal_adc.o
    0x08001546   0x08001546   0x00000002   Code   RO          557    i.HAL_ADC_ConvHalfCpltCallback  stm32f1xx_hal_adc.o
    0x08001548   0x08001548   0x00000002   Code   RO          559    i.HAL_ADC_ErrorCallback  stm32f1xx_hal_adc.o
    0x0800154a   0x0800154a   0x00000002   PAD
    0x0800154c   0x0800154c   0x0000011c   Code   RO          564    i.HAL_ADC_Init      stm32f1xx_hal_adc.o
    0x08001668   0x08001668   0x000000b0   Code   RO          435    i.HAL_ADC_MspInit   stm32f1xx_hal_msp.o
    0x08001718   0x08001718   0x0000010c   Code   RO          571    i.HAL_ADC_Start_DMA  stm32f1xx_hal_adc.o
    0x08001824   0x08001824   0x00000046   Code   RO         1204    i.HAL_DMA_Abort     stm32f1xx_hal_dma.o
    0x0800186a   0x0800186a   0x00000002   PAD
    0x0800186c   0x0800186c   0x00000098   Code   RO         1205    i.HAL_DMA_Abort_IT  stm32f1xx_hal_dma.o
    0x08001904   0x08001904   0x00000154   Code   RO         1209    i.HAL_DMA_IRQHandler  stm32f1xx_hal_dma.o
    0x08001a58   0x08001a58   0x0000005c   Code   RO         1210    i.HAL_DMA_Init      stm32f1xx_hal_dma.o
    0x08001ab4   0x08001ab4   0x00000070   Code   RO         1214    i.HAL_DMA_Start_IT  stm32f1xx_hal_dma.o
    0x08001b24   0x08001b24   0x00000024   Code   RO          832    i.HAL_Delay         stm32f1xx_hal.o
    0x08001b48   0x08001b48   0x00000040   Code   RO           14    i.HAL_GPIO_EXTI_Callback  main.o
    0x08001b88   0x08001b88   0x00000018   Code   RO         1139    i.HAL_GPIO_EXTI_IRQHandler  stm32f1xx_hal_gpio.o
    0x08001ba0   0x08001ba0   0x000001e0   Code   RO         1140    i.HAL_GPIO_Init     stm32f1xx_hal_gpio.o
    0x08001d80   0x08001d80   0x0000000a   Code   RO         1142    i.HAL_GPIO_ReadPin  stm32f1xx_hal_gpio.o
    0x08001d8a   0x08001d8a   0x0000000a   Code   RO         1144    i.HAL_GPIO_WritePin  stm32f1xx_hal_gpio.o
    0x08001d94   0x08001d94   0x0000000c   Code   RO          836    i.HAL_GetTick       stm32f1xx_hal.o
    0x08001da0   0x08001da0   0x00000010   Code   RO          842    i.HAL_IncTick       stm32f1xx_hal.o
    0x08001db0   0x08001db0   0x00000024   Code   RO          843    i.HAL_Init          stm32f1xx_hal.o
    0x08001dd4   0x08001dd4   0x00000040   Code   RO          844    i.HAL_InitTick      stm32f1xx_hal.o
    0x08001e14   0x08001e14   0x0000003c   Code   RO          436    i.HAL_MspInit       stm32f1xx_hal_msp.o
    0x08001e50   0x08001e50   0x0000001a   Code   RO         1300    i.HAL_NVIC_EnableIRQ  stm32f1xx_hal_cortex.o
    0x08001e6a   0x08001e6a   0x00000002   PAD
    0x08001e6c   0x08001e6c   0x00000040   Code   RO         1306    i.HAL_NVIC_SetPriority  stm32f1xx_hal_cortex.o
    0x08001eac   0x08001eac   0x00000024   Code   RO         1307    i.HAL_NVIC_SetPriorityGrouping  stm32f1xx_hal_cortex.o
    0x08001ed0   0x08001ed0   0x000000ec   Code   RO         1103    i.HAL_RCCEx_PeriphCLKConfig  stm32f1xx_hal_rcc_ex.o
    0x08001fbc   0x08001fbc   0x0000012c   Code   RO         1000    i.HAL_RCC_ClockConfig  stm32f1xx_hal_rcc.o
    0x080020e8   0x080020e8   0x00000020   Code   RO         1007    i.HAL_RCC_GetPCLK1Freq  stm32f1xx_hal_rcc.o
    0x08002108   0x08002108   0x00000020   Code   RO         1008    i.HAL_RCC_GetPCLK2Freq  stm32f1xx_hal_rcc.o
    0x08002128   0x08002128   0x0000006c   Code   RO         1009    i.HAL_RCC_GetSysClockFreq  stm32f1xx_hal_rcc.o
    0x08002194   0x08002194   0x00000320   Code   RO         1012    i.HAL_RCC_OscConfig  stm32f1xx_hal_rcc.o
    0x080024b4   0x080024b4   0x00000028   Code   RO         1311    i.HAL_SYSTICK_Config  stm32f1xx_hal_cortex.o
    0x080024dc   0x080024dc   0x00000054   Code   RO         2509    i.HAL_TIMEx_ConfigBreakDeadTime  stm32f1xx_hal_tim_ex.o
    0x08002530   0x08002530   0x00000068   Code   RO         2525    i.HAL_TIMEx_MasterConfigSynchronization  stm32f1xx_hal_tim_ex.o
    0x08002598   0x08002598   0x0000005a   Code   RO         1802    i.HAL_TIM_Base_Init  stm32f1xx_hal_tim.o
    0x080025f2   0x080025f2   0x00000002   PAD
    0x080025f4   0x080025f4   0x00000040   Code   RO          438    i.HAL_TIM_Base_MspInit  stm32f1xx_hal_msp.o
    0x08002634   0x08002634   0x00000050   Code   RO         1805    i.HAL_TIM_Base_Start  stm32f1xx_hal_tim.o
    0x08002684   0x08002684   0x000000d6   Code   RO         1811    i.HAL_TIM_ConfigClockSource  stm32f1xx_hal_tim.o
    0x0800275a   0x0800275a   0x000000a4   Code   RO         1823    i.HAL_TIM_Encoder_Init  stm32f1xx_hal_tim.o
    0x080027fe   0x080027fe   0x00000002   PAD
    0x08002800   0x08002800   0x000000c4   Code   RO          440    i.HAL_TIM_Encoder_MspInit  stm32f1xx_hal_msp.o
    0x080028c4   0x080028c4   0x0000008e   Code   RO         1826    i.HAL_TIM_Encoder_Start  stm32f1xx_hal_tim.o
    0x08002952   0x08002952   0x00000002   PAD
    0x08002954   0x08002954   0x0000004c   Code   RO          441    i.HAL_TIM_MspPostInit  stm32f1xx_hal_msp.o
    0x080029a0   0x080029a0   0x000000c6   Code   RO         1874    i.HAL_TIM_PWM_ConfigChannel  stm32f1xx_hal_tim.o
    0x08002a66   0x08002a66   0x0000005a   Code   RO         1877    i.HAL_TIM_PWM_Init  stm32f1xx_hal_tim.o
    0x08002ac0   0x08002ac0   0x00000002   Code   RO         1879    i.HAL_TIM_PWM_MspInit  stm32f1xx_hal_tim.o
    0x08002ac2   0x08002ac2   0x00000002   PAD
    0x08002ac4   0x08002ac4   0x0000009c   Code   RO         1882    i.HAL_TIM_PWM_Start  stm32f1xx_hal_tim.o
    0x08002b60   0x08002b60   0x00000002   Code   RO         2784    i.HAL_UARTEx_RxEventCallback  stm32f1xx_hal_uart.o
    0x08002b62   0x08002b62   0x00000002   Code   RO         2798    i.HAL_UART_ErrorCallback  stm32f1xx_hal_uart.o
    0x08002b64   0x08002b64   0x0000020c   Code   RO         2801    i.HAL_UART_IRQHandler  stm32f1xx_hal_uart.o
    0x08002d70   0x08002d70   0x00000062   Code   RO         2802    i.HAL_UART_Init     stm32f1xx_hal_uart.o
    0x08002dd2   0x08002dd2   0x00000002   PAD
    0x08002dd4   0x08002dd4   0x00000090   Code   RO          443    i.HAL_UART_MspInit  stm32f1xx_hal_msp.o
    0x08002e64   0x08002e64   0x0000002a   Code   RO         2807    i.HAL_UART_Receive_IT  stm32f1xx_hal_uart.o
    0x08002e8e   0x08002e8e   0x00000002   PAD
    0x08002e90   0x08002e90   0x00000038   Code   RO           15    i.HAL_UART_RxCpltCallback  main.o
    0x08002ec8   0x08002ec8   0x000000b2   Code   RO         2810    i.HAL_UART_Transmit  stm32f1xx_hal_uart.o
    0x08002f7a   0x08002f7a   0x00000002   Code   RO         2813    i.HAL_UART_TxCpltCallback  stm32f1xx_hal_uart.o
    0x08002f7c   0x08002f7c   0x00000002   Code   RO          257    i.HardFault_Handler  stm32f1xx_it.o
    0x08002f7e   0x08002f7e   0x00000002   PAD
    0x08002f80   0x08002f80   0x000000c8   Code   RO           16    i.MX_ADC1_Init      main.o
    0x08003048   0x08003048   0x000000c0   Code   RO           17    i.MX_GPIO_Init      main.o
    0x08003108   0x08003108   0x000000d8   Code   RO           18    i.MX_TIM1_Init      main.o
    0x080031e0   0x080031e0   0x00000068   Code   RO           19    i.MX_TIM2_Init      main.o
    0x08003248   0x08003248   0x0000006c   Code   RO           20    i.MX_TIM3_Init      main.o
    0x080032b4   0x080032b4   0x00000068   Code   RO           21    i.MX_TIM4_Init      main.o
    0x0800331c   0x0800331c   0x00000002   Code   RO          258    i.MemManage_Handler  stm32f1xx_it.o
    0x0800331e   0x0800331e   0x00000002   Code   RO          259    i.NMI_Handler       stm32f1xx_it.o
    0x08003320   0x08003320   0x00000002   Code   RO          260    i.PendSV_Handler    stm32f1xx_it.o
    0x08003322   0x08003322   0x00000002   Code   RO          261    i.SVC_Handler       stm32f1xx_it.o
    0x08003324   0x08003324   0x00000004   Code   RO          262    i.SysTick_Handler   stm32f1xx_it.o
    0x08003328   0x08003328   0x00000078   Code   RO           22    i.SystemClock_Config  main.o
    0x080033a0   0x080033a0   0x00000002   Code   RO         3131    i.SystemInit        system_stm32f1xx.o
    0x080033a2   0x080033a2   0x00000002   PAD
    0x080033a4   0x080033a4   0x0000006c   Code   RO         1895    i.TIM_Base_SetConfig  stm32f1xx_hal_tim.o
    0x08003410   0x08003410   0x0000001a   Code   RO         1896    i.TIM_CCxChannelCmd  stm32f1xx_hal_tim.o
    0x0800342a   0x0800342a   0x00000014   Code   RO         1906    i.TIM_ETR_SetConfig  stm32f1xx_hal_tim.o
    0x0800343e   0x0800343e   0x00000010   Code   RO         1907    i.TIM_ITRx_SetConfig  stm32f1xx_hal_tim.o
    0x0800344e   0x0800344e   0x00000002   PAD
    0x08003450   0x08003450   0x00000050   Code   RO         1908    i.TIM_OC1_SetConfig  stm32f1xx_hal_tim.o
    0x080034a0   0x080034a0   0x00000058   Code   RO         1909    i.TIM_OC2_SetConfig  stm32f1xx_hal_tim.o
    0x080034f8   0x080034f8   0x00000058   Code   RO         1910    i.TIM_OC3_SetConfig  stm32f1xx_hal_tim.o
    0x08003550   0x08003550   0x00000044   Code   RO         1911    i.TIM_OC4_SetConfig  stm32f1xx_hal_tim.o
    0x08003594   0x08003594   0x00000022   Code   RO         1913    i.TIM_TI1_ConfigInputStage  stm32f1xx_hal_tim.o
    0x080035b6   0x080035b6   0x00000024   Code   RO         1915    i.TIM_TI2_ConfigInputStage  stm32f1xx_hal_tim.o
    0x080035da   0x080035da   0x00000010   Code   RO         2815    i.UART_DMAAbortOnError  stm32f1xx_hal_uart.o
    0x080035ea   0x080035ea   0x00000030   Code   RO         2825    i.UART_EndRxTransfer  stm32f1xx_hal_uart.o
    0x0800361a   0x0800361a   0x000000b6   Code   RO         2827    i.UART_Receive_IT   stm32f1xx_hal_uart.o
    0x080036d0   0x080036d0   0x000000b8   Code   RO         2828    i.UART_SetConfig    stm32f1xx_hal_uart.o
    0x08003788   0x08003788   0x00000036   Code   RO         2830    i.UART_Start_Receive_IT  stm32f1xx_hal_uart.o
    0x080037be   0x080037be   0x00000064   Code   RO         2831    i.UART_WaitOnFlagUntilTimeout  stm32f1xx_hal_uart.o
    0x08003822   0x08003822   0x00000002   PAD
    0x08003824   0x08003824   0x0000000c   Code   RO          263    i.USART1_IRQHandler  stm32f1xx_it.o
    0x08003830   0x08003830   0x00000002   Code   RO          264    i.UsageFault_Handler  stm32f1xx_it.o
    0x08003832   0x08003832   0x00000028   Code   RO         3354    i.__ARM_fpclassify  m_ws.l(fpclassify.o)
    0x0800385a   0x0800385a   0x00000020   Code   RO         1313    i.__NVIC_SetPriority  stm32f1xx_hal_cortex.o
    0x0800387a   0x0800387a   0x00000002   PAD
    0x0800387c   0x0800387c   0x00000388   Code   RO         3359    i.__ieee754_rem_pio2  m_ws.l(rred.o)
    0x08003c04   0x08003c04   0x000000fc   Code   RO         3337    i.__kernel_cos      m_ws.l(cos_i.o)
    0x08003d00   0x08003d00   0x000000aa   Code   RO         3356    i.__kernel_poly     m_ws.l(poly.o)
    0x08003daa   0x08003daa   0x00000002   PAD
    0x08003dac   0x08003dac   0x000000ec   Code   RO         3364    i.__kernel_sin      m_ws.l(sin_i.o)
    0x08003e98   0x08003e98   0x00000006   Code   RO         3341    i.__mathlib_dbl_infnan  m_ws.l(dunder.o)
    0x08003e9e   0x08003e9e   0x00000004   Code   RO         3342    i.__mathlib_dbl_infnan2  m_ws.l(dunder.o)
    0x08003ea2   0x08003ea2   0x0000000c   Code   RO         3343    i.__mathlib_dbl_invalid  m_ws.l(dunder.o)
    0x08003eae   0x08003eae   0x00000002   PAD
    0x08003eb0   0x08003eb0   0x00000010   Code   RO         3346    i.__mathlib_dbl_underflow  m_ws.l(dunder.o)
    0x08003ec0   0x08003ec0   0x00000220   Code   RO         3267    i.atan              m_ws.l(atan.o)
    0x080040e0   0x080040e0   0x00000180   Code   RO         3277    i.atan2             m_ws.l(atan2.o)
    0x08004260   0x08004260   0x0000009c   Code   RO         3285    i.cos               m_ws.l(cos.o)
    0x080042fc   0x080042fc   0x00000018   Code   RO           23    i.delay_us          main.o
    0x08004314   0x08004314   0x0000035c   Code   RO           24    i.forward           main.o
    0x08004670   0x08004670   0x000003d0   Code   RO           25    i.main              main.o
    0x08004a40   0x08004a40   0x00000378   Code   RO           26    i.motor             main.o
    0x08004db8   0x08004db8   0x000000e8   Code   RO           27    i.print_data        main.o
    0x08004ea0   0x08004ea0   0x00000034   Code   RO           28    i.read_hc04         main.o
    0x08004ed4   0x08004ed4   0x0000035c   Code   RO           29    i.rotate            main.o
    0x08005230   0x08005230   0x0000002c   Code   RO           30    i.signnum_typical   main.o
    0x0800525c   0x0800525c   0x000000a0   Code   RO         3293    i.sin               m_ws.l(sin.o)
    0x080052fc   0x080052fc   0x0000004c   Code   RO         3301    i.sqrt              m_ws.l(sqrt.o)
    0x08005348   0x08005348   0x00000204   Code   RO           31    i.tracking_line     main.o
    0x0800554c   0x0800554c   0x00000030   Code   RO           32    i.trig_hc04         main.o
    0x0800557c   0x0800557c   0x000002ac   Code   RO           33    i.vong_vat_can      main.o
    0x08005828   0x08005828   0x0000002c   Code   RO         3427    locale$$code        c_w.l(lc_numeric_c.o)
    0x08005854   0x08005854   0x00000062   Code   RO         3208    x$fpl$d2f           fz_ws.l(d2f.o)
    0x080058b6   0x080058b6   0x00000002   PAD
    0x080058b8   0x080058b8   0x00000150   Code   RO         3210    x$fpl$dadd          fz_ws.l(daddsub_clz.o)
    0x08005a08   0x08005a08   0x00000010   Code   RO         3320    x$fpl$dcheck1       fz_ws.l(dcheck1.o)
    0x08005a18   0x08005a18   0x00000018   Code   RO         3322    x$fpl$dcmpinf       fz_ws.l(dcmpi.o)
    0x08005a30   0x08005a30   0x000002b0   Code   RO         3217    x$fpl$ddiv          fz_ws.l(ddiv.o)
    0x08005ce0   0x08005ce0   0x0000005e   Code   RO         3429    x$fpl$dfix          fz_ws.l(dfix.o)
    0x08005d3e   0x08005d3e   0x00000002   PAD
    0x08005d40   0x08005d40   0x0000005a   Code   RO         3220    x$fpl$dfixu         fz_ws.l(dfixu.o)
    0x08005d9a   0x08005d9a   0x0000002e   Code   RO         3225    x$fpl$dflt          fz_ws.l(dflt_clz.o)
    0x08005dc8   0x08005dc8   0x00000026   Code   RO         3224    x$fpl$dfltu         fz_ws.l(dflt_clz.o)
    0x08005dee   0x08005dee   0x00000002   PAD
    0x08005df0   0x08005df0   0x00000078   Code   RO         3230    x$fpl$dleqf         fz_ws.l(dleqf.o)
    0x08005e68   0x08005e68   0x00000154   Code   RO         3232    x$fpl$dmul          fz_ws.l(dmul.o)
    0x08005fbc   0x08005fbc   0x0000009c   Code   RO         3324    x$fpl$dnaninf       fz_ws.l(dnaninf.o)
    0x08006058   0x08006058   0x0000000c   Code   RO         3326    x$fpl$dretinf       fz_ws.l(dretinf.o)
    0x08006064   0x08006064   0x0000006c   Code   RO         3234    x$fpl$drleqf        fz_ws.l(drleqf.o)
    0x080060d0   0x080060d0   0x00000016   Code   RO         3211    x$fpl$drsb          fz_ws.l(daddsub_clz.o)
    0x080060e6   0x080060e6   0x00000002   PAD
    0x080060e8   0x080060e8   0x000001cc   Code   RO         3328    x$fpl$dsqrt         fz_ws.l(dsqrt_noumaal.o)
    0x080062b4   0x080062b4   0x000001d4   Code   RO         3212    x$fpl$dsub          fz_ws.l(daddsub_clz.o)
    0x08006488   0x08006488   0x00000056   Code   RO         3236    x$fpl$f2d           fz_ws.l(f2d.o)
    0x080064de   0x080064de   0x00000002   PAD
    0x080064e0   0x080064e0   0x000000c4   Code   RO         3238    x$fpl$fadd          fz_ws.l(faddsub_clz.o)
    0x080065a4   0x080065a4   0x0000000c   Code   RO         3330    x$fpl$fcheck1       fz_ws.l(fcheck1.o)
    0x080065b0   0x080065b0   0x00000184   Code   RO         3245    x$fpl$fdiv          fz_ws.l(fdiv.o)
    0x08006734   0x08006734   0x00000036   Code   RO         3248    x$fpl$ffix          fz_ws.l(ffix.o)
    0x0800676a   0x0800676a   0x00000002   PAD
    0x0800676c   0x0800676c   0x00000030   Code   RO         3253    x$fpl$fflt          fz_ws.l(fflt_clz.o)
    0x0800679c   0x0800679c   0x00000026   Code   RO         3252    x$fpl$ffltu         fz_ws.l(fflt_clz.o)
    0x080067c2   0x080067c2   0x00000002   PAD
    0x080067c4   0x080067c4   0x00000102   Code   RO         3258    x$fpl$fmul          fz_ws.l(fmul.o)
    0x080068c6   0x080068c6   0x0000008c   Code   RO         3332    x$fpl$fnaninf       fz_ws.l(fnaninf.o)
    0x08006952   0x08006952   0x0000000a   Code   RO         3334    x$fpl$fretinf       fz_ws.l(fretinf.o)
    0x0800695c   0x0800695c   0x000000ea   Code   RO         3240    x$fpl$fsub          fz_ws.l(faddsub_clz.o)
    0x08006a46   0x08006a46   0x00000004   Code   RO         3260    x$fpl$printf1       fz_ws.l(printf1.o)
    0x08006a4a   0x08006a4a   0x00000064   Code   RO         3435    x$fpl$retnan        fz_ws.l(retnan.o)
    0x08006aae   0x08006aae   0x0000005c   Code   RO         3262    x$fpl$scalbn        fz_ws.l(scalbn.o)
    0x08006b0a   0x08006b0a   0x0000004c   Code   RO         3264    x$fpl$scalbnf       fz_ws.l(scalbnf.o)
    0x08006b56   0x08006b56   0x00000030   Code   RO         3497    x$fpl$trapveneer    fz_ws.l(trapv.o)
    0x08006b86   0x08006b86   0x00000000   Code   RO         3336    x$fpl$usenofp       fz_ws.l(usenofp.o)
    0x08006b86   0x08006b86   0x00000010   Data   RO         3132    .constdata          system_stm32f1xx.o
    0x08006b96   0x08006b96   0x00000008   Data   RO         3133    .constdata          system_stm32f1xx.o
    0x08006b9e   0x08006b9e   0x00000002   PAD
    0x08006ba0   0x08006ba0   0x00000098   Data   RO         3268    .constdata          m_ws.l(atan.o)
    0x08006c38   0x08006c38   0x00000030   Data   RO         3338    .constdata          m_ws.l(cos_i.o)
    0x08006c68   0x08006c68   0x00000008   Data   RO         3358    .constdata          m_ws.l(qnan.o)
    0x08006c70   0x08006c70   0x000000c8   Data   RO         3361    .constdata          m_ws.l(rred.o)
    0x08006d38   0x08006d38   0x00000028   Data   RO         3365    .constdata          m_ws.l(sin_i.o)
    0x08006d60   0x08006d60   0x00000094   Data   RO         3402    .constdata          c_w.l(bigflt0.o)
    0x08006df4   0x08006df4   0x00000020   Data   RO         3578    Region$$Table       anon$$obj.o
    0x08006e14   0x08006e14   0x0000001c   Data   RO         3426    locale$$data        c_w.l(lc_numeric_c.o)


    Execution Region RW_IRAM1 (Exec base: 0x20000000, Load base: 0x08006e30, Size: 0x00000a70, Max: 0x00005000, ABSOLUTE, COMPRESSED[0x0000005c])

    Exec Addr    Load Addr    Size         Type   Attr      Idx    E Section Name        Object

    0x20000000   COMPRESSED   0x000001f0   Data   RW           37    .data               main.o
    0x200001f0   COMPRESSED   0x0000000c   Data   RW          850    .data               stm32f1xx_hal.o
    0x200001fc   COMPRESSED   0x00000004   Data   RW         3134    .data               system_stm32f1xx.o
    0x20000200        -       0x000001ca   Zero   RW           34    .bss                main.o
    0x200003ca   COMPRESSED   0x00000002   PAD
    0x200003cc        -       0x00000044   Zero   RW           35    .bss                main.o
    0x20000410        -       0x00000060   Zero   RW         3438    .bss                c_w.l(libspace.o)
    0x20000470        -       0x00000200   Zero   RW            2    HEAP                startup_stm32f103xb.o
    0x20000670        -       0x00000400   Zero   RW            1    STACK               startup_stm32f103xb.o


==============================================================================

Image component sizes


      Code (inc. data)   RO Data    RW Data    ZI Data      Debug   Object Name

      6352        492          0        496        526     458221   main.o
        64         26        236          0       1536        840   startup_stm32f103xb.o
       164         28          0         12          0       6137   stm32f1xx_hal.o
      1134         56          0          0          0       8890   stm32f1xx_hal_adc.o
       198         14          0          0          0      29115   stm32f1xx_hal_cortex.o
       808         36          0          0          0       5198   stm32f1xx_hal_dma.o
       524         40          0          0          0       4254   stm32f1xx_hal_gpio.o
       716         94          0          0          0       4742   stm32f1xx_hal_msp.o
      1272        100          0          0          0       5372   stm32f1xx_hal_rcc.o
       236         12          0          0          0       1444   stm32f1xx_hal_rcc_ex.o
      1700         60          0          0          0      15336   stm32f1xx_hal_tim.o
       188         12          0          0          0       2200   stm32f1xx_hal_tim_ex.o
      1432         10          0          0          0      10940   stm32f1xx_hal_uart.o
        50         12          0          0          0     441314   stm32f1xx_it.o
         2          0         24          4          0       1183   system_stm32f1xx.o

    ----------------------------------------------------------------------
     14872        992        294        512       2064     995186   Object Totals
         0          0         32          0          0          0   (incl. Generated)
        32          0          2          0          2          0   (incl. Padding)

    ----------------------------------------------------------------------

      Code (inc. data)   RO Data    RW Data    ZI Data      Debug   Library Member Name

        90          0          0          0          0          0   __dczerorl2.o
         8          0          0          0          0         68   __main.o
       104          0          0          0          0         84   __printf.o
         0          0          0          0          0          0   __rtentry.o
        12          0          0          0          0          0   __rtentry2.o
         6          0          0          0          0          0   __rtentry4.o
        52          8          0          0          0          0   __scatter.o
        28          0          0          0          0          0   __scatter_zi.o
        44          0          0          0          0        108   _printf_char.o
        48          6          0          0          0         96   _printf_char_common.o
         6          0          0          0          0          0   _printf_f.o
      1054          0          0          0          0        216   _printf_fp_dec.o
       128         16          0          0          0         84   _printf_fp_infnan.o
         0          0          0          0          0          0   _printf_percent.o
         4          0          0          0          0          0   _printf_percent_end.o
         6          0          0          0          0          0   _printf_s.o
        82          0          0          0          0         80   _printf_str.o
        22          0          0          0          0        100   _rserrno.o
        10          0          0          0          0         68   _sputc.o
       228          4        148          0          0         96   bigflt0.o
      1936        128          0          0          0        672   btod.o
        18          0          0          0          0         80   exit.o
         6          0          0          0          0        152   heapauxi.o
         0          0          0          0          0          0   indicate_semi.o
        44         10         28          0          0         76   lc_numeric_c.o
         2          0          0          0          0          0   libinit.o
        18          0          0          0          0          0   libinit2.o
         2          0          0          0          0          0   libshutdown.o
         2          0          0          0          0          0   libshutdown2.o
         8          4          0          0         96         68   libspace.o
       138          0          0          0          0         80   lludiv10.o
        40          6          0          0          0         84   noretval__2sprintf.o
         8          4          0          0          0         68   rt_errno_addr_intlibspace.o
         8          4          0          0          0         68   rt_locale_intlibspace.o
        78          0          0          0          0         80   rt_memclr_w.o
         2          0          0          0          0          0   rtexit.o
        10          0          0          0          0          0   rtexit2.o
       128          0          0          0          0         68   strcmpv7m.o
        62          0          0          0          0         76   strlen.o
        12          4          0          0          0         68   sys_exit.o
        74          0          0          0          0         80   sys_stackheap_outer.o
         2          0          0          0          0         68   use_no_semi.o
        98          4          0          0          0         92   d2f.o
       826         16          0          0          0        348   daddsub_clz.o
        16          4          0          0          0         68   dcheck1.o
        24          0          0          0          0         68   dcmpi.o
       688        140          0          0          0        208   ddiv.o
        94          4          0          0          0         92   dfix.o
        90          4          0          0          0         92   dfixu.o
        84          0          0          0          0        136   dflt_clz.o
       120          4          0          0          0         92   dleqf.o
       340         12          0          0          0        104   dmul.o
       156          4          0          0          0         92   dnaninf.o
        12          0          0          0          0         68   dretinf.o
       108          0          0          0          0         80   drleqf.o
       460         56          0          0          0        120   dsqrt_noumaal.o
        86          4          0          0          0         84   f2d.o
       430          8          0          0          0        168   faddsub_clz.o
        12          4          0          0          0         68   fcheck1.o
       388         76          0          0          0         96   fdiv.o
        54          4          0          0          0         84   ffix.o
        86          0          0          0          0        136   fflt_clz.o
       258          4          0          0          0         84   fmul.o
       140          4          0          0          0         84   fnaninf.o
        10          0          0          0          0         68   fretinf.o
         4          0          0          0          0         68   printf1.o
       100          0          0          0          0         68   retnan.o
        92          0          0          0          0         68   scalbn.o
        76          0          0          0          0         68   scalbnf.o
        48          0          0          0          0         68   trapv.o
         0          0          0          0          0          0   usenofp.o
       544         70        152          0          0        124   atan.o
       384         38          0          0          0        144   atan2.o
       156          8          0          0          0        104   cos.o
       252         22         48          0          0        124   cos_i.o
        38          6          0          0          0        272   dunder.o
        40          0          0          0          0         68   fpclassify.o
       170          0          0          0          0         96   poly.o
         0          0          8          0          0          0   qnan.o
       904         76        200          0          0        140   rred.o
       160         10          0          0          0        108   sin.o
       236         12         40          0          0        128   sin_i.o
        76          0          0          0          0         84   sqrt.o

    ----------------------------------------------------------------------
     12418        788        624          0         96       7052   Library Totals
        28          0          0          0          0          0   (incl. Padding)

    ----------------------------------------------------------------------

      Code (inc. data)   RO Data    RW Data    ZI Data      Debug   Library Name

      4530        194        176          0         96       2788   c_w.l
      4900        352          0          0          0       2872   fz_ws.l
      2960        242        448          0          0       1392   m_ws.l

    ----------------------------------------------------------------------
     12418        788        624          0         96       7052   Library Totals

    ----------------------------------------------------------------------

==============================================================================


      Code (inc. data)   RO Data    RW Data    ZI Data      Debug   

     27290       1780        918        512       2160     992770   Grand Totals
     27290       1780        918         92       2160     992770   ELF Image Totals (compressed)
     27290       1780        918         92          0          0   ROM Totals

==============================================================================

    Total RO  Size (Code + RO Data)                28208 (  27.55kB)
    Total RW  Size (RW Data + ZI Data)              2672 (   2.61kB)
    Total ROM Size (Code + RO Data + RW Data)      28300 (  27.64kB)

==============================================================================

